<html>
<body>
<pre>
<h1>礦ision Build Log</h1>
<h2>Tool Versions:</h2>
IDE-Version: μVision V5.38.0.0
Copyright (C) 2022 ARM Ltd and ARM Germany GmbH. All rights reserved.
License Information: Ethy 9160, NULL, LIC=----
 
Tool Versions:
Toolchain:       MDK-ARM Plus  Version: 5.38.0.0
Toolchain Path:  E:\Keil\ARM\ARM_Compiler_5.06u7\Bin
C Compiler:      Armcc.exe V5.06 update 7 (build 960)
Assembler:       Armasm.exe V5.06 update 7 (build 960)
Linker/Locator:  ArmLink.exe V5.06 update 7 (build 960)
Library Manager: ArmAr.exe V5.06 update 7 (build 960)
Hex Converter:   FromElf.exe V5.06 update 7 (build 960)
CPU DLL:         SARMCM3.DLL V5.38.0.0
Dialog DLL:      DCM.DLL V1.17.5.0
Target DLL:      STLink\ST-LINKIII-KEIL_SWO.dll V3.1.0.0
Dialog DLL:      TCM.DLL V1.56.4.0
 
<h2>Project:</h2>
D:\Sustech\攀登计划2024年度\路径规划小车\IntelligentAGV\src\F407VET6_大车差速代码_C50B版本_(2023.04.21)\USER\WHEELTEC.uvprojx
Project File Date:  12/02/2023

<h2>Output:</h2>
*** Using Compiler 'V5.06 update 7 (build 960)', folder: 'E:\Keil\ARM\ARM_Compiler_5.06u7\Bin'
Build target 'FreeRTOS'
compiling stm32f4xx_it.c...
compiling adc.c...
compiling sys.c...
compiling system_stm32f4xx.c...
compiling delay.c...
compiling LED.C...
compiling main.c...
compiling timer.c...
compiling encoder.c...
compiling oled.c...
compiling motor.c...
compiling can.c...
compiling usartx.c...
compiling key.c...
compiling pstwo.c...
assembling startup_stm32f40_41xxx.s...
compiling usart.c...
compiling misc.c...
compiling stm32f4xx_gpio.c...
compiling stm32f4xx_rcc.c...
compiling stm32f4xx_syscfg.c...
compiling stm32f4xx_usart.c...
compiling stm32f4xx_adc.c...
compiling stm32f4xx_can.c...
compiling stm32f4xx_tim.c...
compiling stm32f4xx_pwr.c...
compiling croutine.c...
compiling event_groups.c...
compiling list.c...
compiling queue.c...
compiling tasks.c...
compiling timers.c...
compiling port.c...
compiling heap_4.c...
compiling system.c...
compiling balance.c...
compiling robot_select_init.c...
compiling show.c...
compiling HubDriver.c...
compiling HubDriverCan.c...
compiling MPU6050.c...
compiling I2C.c...
linking...
Program Size: Code=31824 RO-data=5856 RW-data=544 ZI-data=23656  
FromELF: creating hex file...
"..\OBJ\WHEELTEC.axf" - 0 Error(s), 0 Warning(s).

<h2>Software Packages used:</h2>

Package Vendor: Keil
                http://www.keil.com/pack/Keil.STM32F4xx_DFP.2.15.0.pack
                Keil.STM32F4xx_DFP.2.15.0
                STMicroelectronics STM32F4 Series Device Support, Drivers and Examples

<h2>Collection of Component include folders:</h2>
  E:/Keil/pack/Keil/STM32F4xx_DFP/2.15.0/Drivers/CMSIS/Device/ST/STM32F4xx/Include

<h2>Collection of Component Files used:</h2>
Build Time Elapsed:  00:00:07
</pre>
</body>
</html>
