Component: ARM Compiler 5.06 update 7 (build 960) Tool: armlink [4d3601]

==============================================================================

Section Cross References

    main.o(i.main) refers to system.o(i.systemInit) for systemInit
    main.o(i.main) refers to tasks.o(i.xTaskCreate) for xTaskCreate
    main.o(i.main) refers to tasks.o(i.vTaskStartScheduler) for vTaskStartScheduler
    main.o(i.main) refers to main.o(.data) for .data
    main.o(i.main) refers to main.o(i.start_task) for start_task
    main.o(i.start_task) refers to port.o(i.vPortEnterCritical) for vPortEnterCritical
    main.o(i.start_task) refers to tasks.o(i.xTaskCreate) for xTaskCreate
    main.o(i.start_task) refers to tasks.o(i.vTaskDelete) for vTaskDelete
    main.o(i.start_task) refers to port.o(i.vPortExitCritical) for vPortExitCritical
    main.o(i.start_task) refers to balance.o(i.Balance_task) for Balance_task
    main.o(i.start_task) refers to mpu6050.o(i.MPU6050_task) for MPU6050_task
    main.o(i.start_task) refers to show.o(i.show_task) for show_task
    main.o(i.start_task) refers to led.o(i.led_task) for led_task
    main.o(i.start_task) refers to pstwo.o(i.pstwo_task) for pstwo_task
    main.o(i.start_task) refers to usartx.o(i.data_task) for data_task
    main.o(i.start_task) refers to main.o(.data) for .data
    system_stm32f4xx.o(i.SystemCoreClockUpdate) refers to system_stm32f4xx.o(.data) for .data
    system_stm32f4xx.o(i.SystemInit) refers to system_stm32f4xx.o(i.SetSysClock) for SetSysClock
    adc.o(i.Adc_Init) refers to stm32f4xx_rcc.o(i.RCC_AHB1PeriphClockCmd) for RCC_AHB1PeriphClockCmd
    adc.o(i.Adc_Init) refers to stm32f4xx_rcc.o(i.RCC_APB2PeriphClockCmd) for RCC_APB2PeriphClockCmd
    adc.o(i.Adc_Init) refers to stm32f4xx_gpio.o(i.GPIO_Init) for GPIO_Init
    adc.o(i.Adc_Init) refers to stm32f4xx_rcc.o(i.RCC_APB2PeriphResetCmd) for RCC_APB2PeriphResetCmd
    adc.o(i.Adc_Init) refers to stm32f4xx_adc.o(i.ADC_CommonInit) for ADC_CommonInit
    adc.o(i.Adc_Init) refers to stm32f4xx_adc.o(i.ADC_Init) for ADC_Init
    adc.o(i.Adc_Init) refers to stm32f4xx_adc.o(i.ADC_Cmd) for ADC_Cmd
    adc.o(i.Get_Adc) refers to stm32f4xx_adc.o(i.ADC_RegularChannelConfig) for ADC_RegularChannelConfig
    adc.o(i.Get_Adc) refers to stm32f4xx_adc.o(i.ADC_SoftwareStartConv) for ADC_SoftwareStartConv
    adc.o(i.Get_Adc) refers to stm32f4xx_adc.o(i.ADC_GetFlagStatus) for ADC_GetFlagStatus
    adc.o(i.Get_Adc) refers to stm32f4xx_adc.o(i.ADC_GetConversionValue) for ADC_GetConversionValue
    adc.o(i.Get_adc_Average) refers to adc.o(i.Get_Adc) for Get_Adc
    adc.o(i.Get_adc_Average) refers to delay.o(i.delay_ms) for delay_ms
    adc.o(i.Get_battery_volt) refers to adc.o(i.Get_Adc) for Get_Adc
    adc.o(i.Get_battery_volt) refers to dfltui.o(.text) for __aeabi_ui2d
    adc.o(i.Get_battery_volt) refers to dmul.o(.text) for __aeabi_dmul
    adc.o(i.Get_battery_volt) refers to d2f.o(.text) for __aeabi_d2f
    can.o(i.CAN1_Mode_Init) refers to stm32f4xx_rcc.o(i.RCC_AHB1PeriphClockCmd) for RCC_AHB1PeriphClockCmd
    can.o(i.CAN1_Mode_Init) refers to stm32f4xx_rcc.o(i.RCC_APB1PeriphClockCmd) for RCC_APB1PeriphClockCmd
    can.o(i.CAN1_Mode_Init) refers to stm32f4xx_gpio.o(i.GPIO_Init) for GPIO_Init
    can.o(i.CAN1_Mode_Init) refers to stm32f4xx_gpio.o(i.GPIO_PinAFConfig) for GPIO_PinAFConfig
    can.o(i.CAN1_Mode_Init) refers to stm32f4xx_can.o(i.CAN_FilterInit) for CAN_FilterInit
    can.o(i.CAN1_Mode_Init) refers to misc.o(i.NVIC_Init) for NVIC_Init
    can.o(i.CAN1_Mode_Init) refers to stm32f4xx_can.o(i.CAN_ITConfig) for CAN_ITConfig
    can.o(i.CAN1_RX0_IRQHandler) refers to can.o(i.CAN1_Rx_Msg) for CAN1_Rx_Msg
    can.o(i.CAN1_RX0_IRQHandler) refers to balance.o(i.Get_Velocity_Form_Encoder) for Get_Velocity_Form_Encoder
    can.o(i.CAN1_RX0_IRQHandler) refers to system.o(.data) for CAN_ON_Flag
    can.o(i.CAN1_RX0_IRQHandler) refers to system.o(.data) for PS2_ON_Flag
    can.o(i.CAN1_RX0_IRQHandler) refers to system.o(.data) for APP_ON_Flag
    can.o(i.CAN1_RX0_IRQHandler) refers to system.o(.data) for Remote_ON_Flag
    can.o(i.CAN1_RX0_IRQHandler) refers to system.o(.data) for Usart_ON_Flag
    can.o(i.CAN1_RX0_IRQHandler) refers to balance.o(.data) for command_lost_count
    can.o(i.CAN1_RX0_IRQHandler) refers to system.o(.data) for Move_X
    can.o(i.CAN1_RX0_IRQHandler) refers to system.o(.data) for Move_Y
    can.o(i.CAN1_RX0_IRQHandler) refers to system.o(.data) for Move_Z
    can.o(i.CAN1_RX0_IRQHandler) refers to hubdrivercan.o(.data) for BrushlessEnable
    can.o(i.CAN1_RX0_IRQHandler) refers to system.o(.bss) for MOTOR_A
    can.o(i.CAN1_RX0_IRQHandler) refers to system.o(.bss) for MOTOR_B
    can.o(i.CAN1_Receive_Msg) refers to can.o(i.CAN1_Msg_Pend) for CAN1_Msg_Pend
    can.o(i.CAN1_Receive_Msg) refers to can.o(i.CAN1_Rx_Msg) for CAN1_Rx_Msg
    can.o(i.CAN1_Send_Msg) refers to can.o(i.CAN1_Tx_Msg) for CAN1_Tx_Msg
    can.o(i.CAN1_Send_Msg) refers to can.o(i.CAN1_Tx_Staus) for CAN1_Tx_Staus
[...]
    CAN2_RX0_IRQHandler                      0x08000273   Thumb Code     0  startup_stm32f40_41xxx.o(.text)
    CAN2_RX1_IRQHandler                      0x08000273   Thumb Code     0  startup_stm32f40_41xxx.o(.text)
    CAN2_SCE_IRQHandler                      0x08000273   Thumb Code     0  startup_stm32f40_41xxx.o(.text)
    CAN2_TX_IRQHandler                       0x08000273   Thumb Code     0  startup_stm32f40_41xxx.o(.text)
    CRYP_IRQHandler                          0x08000273   Thumb Code     0  startup_stm32f40_41xxx.o(.text)
    DCMI_IRQHandler                          0x08000273   Thumb Code     0  startup_stm32f40_41xxx.o(.text)
    DMA1_Stream0_IRQHandler                  0x08000273   Thumb Code     0  startup_stm32f40_41xxx.o(.text)
    DMA1_Stream1_IRQHandler                  0x08000273   Thumb Code     0  startup_stm32f40_41xxx.o(.text)
    DMA1_Stream2_IRQHandler                  0x08000273   Thumb Code     0  startup_stm32f40_41xxx.o(.text)
    DMA1_Stream3_IRQHandler                  0x08000273   Thumb Code     0  startup_stm32f40_41xxx.o(.text)
    DMA1_Stream4_IRQHandler                  0x08000273   Thumb Code     0  startup_stm32f40_41xxx.o(.text)
    DMA1_Stream5_IRQHandler                  0x08000273   Thumb Code     0  startup_stm32f40_41xxx.o(.text)
    DMA1_Stream6_IRQHandler                  0x08000273   Thumb Code     0  startup_stm32f40_41xxx.o(.text)
    DMA1_Stream7_IRQHandler                  0x08000273   Thumb Code     0  startup_stm32f40_41xxx.o(.text)
    DMA2_Stream0_IRQHandler                  0x08000273   Thumb Code     0  startup_stm32f40_41xxx.o(.text)
    DMA2_Stream1_IRQHandler                  0x08000273   Thumb Code     0  startup_stm32f40_41xxx.o(.text)
    DMA2_Stream2_IRQHandler                  0x08000273   Thumb Code     0  startup_stm32f40_41xxx.o(.text)
    DMA2_Stream3_IRQHandler                  0x08000273   Thumb Code     0  startup_stm32f40_41xxx.o(.text)
    DMA2_Stream4_IRQHandler                  0x08000273   Thumb Code     0  startup_stm32f40_41xxx.o(.text)
    DMA2_Stream5_IRQHandler                  0x08000273   Thumb Code     0  startup_stm32f40_41xxx.o(.text)
    DMA2_Stream6_IRQHandler                  0x08000273   Thumb Code     0  startup_stm32f40_41xxx.o(.text)
    DMA2_Stream7_IRQHandler                  0x08000273   Thumb Code     0  startup_stm32f40_41xxx.o(.text)
    ETH_IRQHandler                           0x08000273   Thumb Code     0  startup_stm32f40_41xxx.o(.text)
    ETH_WKUP_IRQHandler                      0x08000273   Thumb Code     0  startup_stm32f40_41xxx.o(.text)
    EXTI0_IRQHandler                         0x08000273   Thumb Code     0  startup_stm32f40_41xxx.o(.text)
    EXTI15_10_IRQHandler                     0x08000273   Thumb Code     0  startup_stm32f40_41xxx.o(.text)
    EXTI1_IRQHandler                         0x08000273   Thumb Code     0  startup_stm32f40_41xxx.o(.text)
    EXTI2_IRQHandler                         0x08000273   Thumb Code     0  startup_stm32f40_41xxx.o(.text)
    EXTI3_IRQHandler                         0x08000273   Thumb Code     0  startup_stm32f40_41xxx.o(.text)
    EXTI4_IRQHandler                         0x08000273   Thumb Code     0  startup_stm32f40_41xxx.o(.text)
    EXTI9_5_IRQHandler                       0x08000273   Thumb Code     0  startup_stm32f40_41xxx.o(.text)
    FLASH_IRQHandler                         0x08000273   Thumb Code     0  startup_stm32f40_41xxx.o(.text)
    FPU_IRQHandler                           0x08000273   Thumb Code     0  startup_stm32f40_41xxx.o(.text)
    FSMC_IRQHandler                          0x08000273   Thumb Code     0  startup_stm32f40_41xxx.o(.text)
    HASH_RNG_IRQHandler                      0x08000273   Thumb Code     0  startup_stm32f40_41xxx.o(.text)
    I2C1_ER_IRQHandler                       0x08000273   Thumb Code     0  startup_stm32f40_41xxx.o(.text)
    I2C1_EV_IRQHandler                       0x08000273   Thumb Code     0  startup_stm32f40_41xxx.o(.text)
    I2C2_ER_IRQHandler                       0x08000273   Thumb Code     0  startup_stm32f40_41xxx.o(.text)
    I2C2_EV_IRQHandler                       0x08000273   Thumb Code     0  startup_stm32f40_41xxx.o(.text)
    I2C3_ER_IRQHandler                       0x08000273   Thumb Code     0  startup_stm32f40_41xxx.o(.text)
    I2C3_EV_IRQHandler                       0x08000273   Thumb Code     0  startup_stm32f40_41xxx.o(.text)
    OTG_FS_IRQHandler                        0x08000273   Thumb Code     0  startup_stm32f40_41xxx.o(.text)
    OTG_FS_WKUP_IRQHandler                   0x08000273   Thumb Code     0  startup_stm32f40_41xxx.o(.text)
    OTG_HS_EP1_IN_IRQHandler                 0x08000273   Thumb Code     0  startup_stm32f40_41xxx.o(.text)
    OTG_HS_EP1_OUT_IRQHandler                0x08000273   Thumb Code     0  startup_stm32f40_41xxx.o(.text)
    OTG_HS_IRQHandler                        0x08000273   Thumb Code     0  startup_stm32f40_41xxx.o(.text)
    OTG_HS_WKUP_IRQHandler                   0x08000273   Thumb Code     0  startup_stm32f40_41xxx.o(.text)
    PVD_IRQHandler                           0x08000273   Thumb Code     0  startup_stm32f40_41xxx.o(.text)
    RCC_IRQHandler                           0x08000273   Thumb Code     0  startup_stm32f40_41xxx.o(.text)
    RTC_Alarm_IRQHandler                     0x08000273   Thumb Code     0  startup_stm32f40_41xxx.o(.text)
    RTC_WKUP_IRQHandler                      0x08000273   Thumb Code     0  startup_stm32f40_41xxx.o(.text)
    SDIO_IRQHandler                          0x08000273   Thumb Code     0  startup_stm32f40_41xxx.o(.text)
    SPI1_IRQHandler                          0x08000273   Thumb Code     0  startup_stm32f40_41xxx.o(.text)
    SPI2_IRQHandler                          0x08000273   Thumb Code     0  startup_stm32f40_41xxx.o(.text)
    SPI3_IRQHandler                          0x08000273   Thumb Code     0  startup_stm32f40_41xxx.o(.text)
    TAMP_STAMP_IRQHandler                    0x08000273   Thumb Code     0  startup_stm32f40_41xxx.o(.text)
    TIM1_BRK_TIM9_IRQHandler                 0x08000273   Thumb Code     0  startup_stm32f40_41xxx.o(.text)
    TIM1_TRG_COM_TIM11_IRQHandler            0x08000273   Thumb Code     0  startup_stm32f40_41xxx.o(.text)
    TIM6_DAC_IRQHandler                      0x08000273   Thumb Code     0  startup_stm32f40_41xxx.o(.text)
    TIM7_IRQHandler                          0x08000273   Thumb Code     0  startup_stm32f40_41xxx.o(.text)
    TIM8_BRK_TIM12_IRQHandler                0x08000273   Thumb Code     0  startup_stm32f40_41xxx.o(.text)
    TIM8_CC_IRQHandler                       0x08000273   Thumb Code     0  startup_stm32f40_41xxx.o(.text)
    TIM8_TRG_COM_TIM14_IRQHandler            0x08000273   Thumb Code     0  startup_stm32f40_41xxx.o(.text)
    TIM8_UP_TIM13_IRQHandler                 0x08000273   Thumb Code     0  startup_stm32f40_41xxx.o(.text)
    UART5_IRQHandler                         0x08000273   Thumb Code     0  startup_stm32f40_41xxx.o(.text)
    USART2_IRQHandler                        0x08000273   Thumb Code     0  startup_stm32f40_41xxx.o(.text)
    USART6_IRQHandler                        0x08000273   Thumb Code     0  startup_stm32f40_41xxx.o(.text)
    WWDG_IRQHandler                          0x08000273   Thumb Code     0  startup_stm32f40_41xxx.o(.text)
    __aeabi_memcpy                           0x0800027d   Thumb Code    36  memcpya.o(.text)
    __aeabi_memcpy4                          0x0800027d   Thumb Code     0  memcpya.o(.text)
    __aeabi_memcpy8                          0x0800027d   Thumb Code     0  memcpya.o(.text)
    __aeabi_memset                           0x080002a1   Thumb Code    14  memseta.o(.text)
    __aeabi_memset4                          0x080002a1   Thumb Code     0  memseta.o(.text)
    __aeabi_memset8                          0x080002a1   Thumb Code     0  memseta.o(.text)
    __aeabi_memclr                           0x080002af   Thumb Code     4  memseta.o(.text)
    __aeabi_memclr4                          0x080002af   Thumb Code     0  memseta.o(.text)
    __aeabi_memclr8                          0x080002af   Thumb Code     0  memseta.o(.text)
    _memset$wrapper                          0x080002b3   Thumb Code    18  memseta.o(.text)
    __aeabi_dadd                             0x080002c5   Thumb Code   322  dadd.o(.text)
    __aeabi_dsub                             0x08000407   Thumb Code     6  dadd.o(.text)
    __aeabi_drsub                            0x0800040d   Thumb Code     6  dadd.o(.text)
    __aeabi_dmul                             0x08000413   Thumb Code   228  dmul.o(.text)
    __aeabi_i2d                              0x080004f7   Thumb Code    34  dflti.o(.text)
    __aeabi_ui2d                             0x08000519   Thumb Code    26  dfltui.o(.text)
    __aeabi_f2d                              0x08000533   Thumb Code    38  f2d.o(.text)
    __aeabi_d2f                              0x08000559   Thumb Code    56  d2f.o(.text)
    __aeabi_uidiv                            0x08000591   Thumb Code     0  uidiv.o(.text)
    __aeabi_uidivmod                         0x08000591   Thumb Code    44  uidiv.o(.text)
    __aeabi_llsl                             0x080005bd   Thumb Code    30  llshl.o(.text)
    _ll_shift_l                              0x080005bd   Thumb Code     0  llshl.o(.text)
    __aeabi_lasr                             0x080005db   Thumb Code    36  llsshr.o(.text)
    _ll_sshift_r                             0x080005db   Thumb Code     0  llsshr.o(.text)
    __I$use$fp                               0x080005ff   Thumb Code     0  iusefp.o(.text)
    _float_round                             0x080005ff   Thumb Code    18  fepilogue.o(.text)
    _float_epilogue                          0x08000611   Thumb Code    92  fepilogue.o(.text)
    _double_round                            0x0800066d   Thumb Code    30  depilogue.o(.text)
    _double_epilogue                         0x0800068b   Thumb Code   156  depilogue.o(.text)
    __aeabi_ddiv                             0x08000727   Thumb Code   222  ddiv.o(.text)
    __ARM_scalbn                             0x08000805   Thumb Code    46  dscalb.o(.text)
    scalbn                                   0x08000805   Thumb Code     0  dscalb.o(.text)
    __aeabi_cdrcmple                         0x08000835   Thumb Code    48  cdrcmple.o(.text)
    __scatterload                            0x08000865   Thumb Code    28  init.o(.text)
    __scatterload_rt2                        0x08000865   Thumb Code     0  init.o(.text)
    __aeabi_llsr                             0x08000889   Thumb Code    32  llushr.o(.text)
    _ll_ushift_r                             0x08000889   Thumb Code     0  llushr.o(.text)
    _dsqrt                                   0x080008a9   Thumb Code   162  dsqrt.o(.text)
    __decompress                             0x0800094b   Thumb Code     0  __dczerorl2.o(.text)
    __decompress1                            0x0800094b   Thumb Code    86  __dczerorl2.o(.text)
    ADC_Cmd                                  0x080009a1   Thumb Code    20  stm32f4xx_adc.o(i.ADC_Cmd)
    ADC_CommonInit                           0x080009b5   Thumb Code    34  stm32f4xx_adc.o(i.ADC_CommonInit)
    ADC_GetConversionValue                   0x080009e1   Thumb Code     6  stm32f4xx_adc.o(i.ADC_GetConversionValue)
    ADC_GetFlagStatus                        0x080009e7   Thumb Code    14  stm32f4xx_adc.o(i.ADC_GetFlagStatus)
    ADC_Init                                 0x080009f5   Thumb Code    66  stm32f4xx_adc.o(i.ADC_Init)
    ADC_RegularChannelConfig                 0x08000a41   Thumb Code   116  stm32f4xx_adc.o(i.ADC_RegularChannelConfig)
    ADC_SoftwareStartConv                    0x08000ab5   Thumb Code    10  stm32f4xx_adc.o(i.ADC_SoftwareStartConv)
    APP_Show                                 0x08000ac1   Thumb Code   218  show.o(i.APP_Show)
    Adc_Init                                 0x08000bf9   Thumb Code   146  adc.o(i.Adc_Init)
    Balance_task                             0x08000c99   Thumb Code   322  balance.o(i.Balance_task)
    BusFault_Handler                         0x08000e0d   Thumb Code     2  stm32f4xx_it.o(i.BusFault_Handler)
    Buzzer_Init                              0x08000e11   Thumb Code    48  led.o(i.Buzzer_Init)
    CAN1_Mode_Init                           0x08000e45   Thumb Code   380  can.o(i.CAN1_Mode_Init)
    CAN1_RX0_IRQHandler                      0x08000fc9   Thumb Code   222  can.o(i.CAN1_RX0_IRQHandler)
    CAN1_Rx_Msg                              0x080010dd   Thumb Code   140  can.o(i.CAN1_Rx_Msg)
    CAN1_Send_Num                            0x08001171   Thumb Code    54  can.o(i.CAN1_Send_Num)
    CAN1_Tx_Msg                              0x080011a9   Thumb Code   184  can.o(i.CAN1_Tx_Msg)
    CAN1_Tx_Staus                            0x08001269   Thumb Code    94  can.o(i.CAN1_Tx_Staus)
    CAN_FilterInit                           0x080012cd   Thumb Code   194  stm32f4xx_can.o(i.CAN_FilterInit)
    CAN_ITConfig                             0x08001399   Thumb Code    16  stm32f4xx_can.o(i.CAN_ITConfig)
    CAN_SEND                                 0x080013a9   Thumb Code    84  usartx.o(i.CAN_SEND)
    Check_Sum                                0x08001401   Thumb Code    52  usartx.o(i.Check_Sum)
    DebugMon_Handler                         0x08001439   Thumb Code     2  stm32f4xx_it.o(i.DebugMon_Handler)
    Drive_Motor                              0x0800143d   Thumb Code    90  balance.o(i.Drive_Motor)
    Enable_Pin                               0x080014a5   Thumb Code    42  motor.o(i.Enable_Pin)
    Encoder_Init_TIM2                        0x080014d5   Thumb Code   212  encoder.o(i.Encoder_Init_TIM2)
    Encoder_Init_TIM3                        0x080015b1   Thumb Code   180  encoder.o(i.Encoder_Init_TIM3)
    Encoder_Init_TIM4                        0x0800166d   Thumb Code   180  encoder.o(i.Encoder_Init_TIM4)
    Encoder_Init_TIM5                        0x08001729   Thumb Code   178  encoder.o(i.Encoder_Init_TIM5)
    GPIO_Init                                0x080017e5   Thumb Code   120  stm32f4xx_gpio.o(i.GPIO_Init)
    GPIO_PinAFConfig                         0x0800185d   Thumb Code    32  stm32f4xx_gpio.o(i.GPIO_PinAFConfig)
    GPIO_ResetBits                           0x0800187d   Thumb Code     4  stm32f4xx_gpio.o(i.GPIO_ResetBits)
    GPIO_SetBits                             0x08001881   Thumb Code     4  stm32f4xx_gpio.o(i.GPIO_SetBits)
    Get_Adc                                  0x08001885   Thumb Code    44  adc.o(i.Get_Adc)
    Get_RC                                   0x080018b5   Thumb Code   152  balance.o(i.Get_RC)
    Get_Velocity_Form_Encoder                0x08001971   Thumb Code    94  balance.o(i.Get_Velocity_Form_Encoder)
    Get_adc_Average                          0x080019e5   Thumb Code    46  adc.o(i.Get_adc_Average)
    Get_battery_volt                         0x08001a15   Thumb Code    58  adc.o(i.Get_battery_volt)
    HardFault_Handler                        0x08001a69   Thumb Code     2  stm32f4xx_it.o(i.HardFault_Handler)
    I2C_Ack                                  0x08001a6d   Thumb Code    54  i2c.o(i.I2C_Ack)
    I2C_GPIOInit                             0x08001aad   Thumb Code    58  i2c.o(i.I2C_GPIOInit)
    I2C_NAck                                 0x08001af1   Thumb Code    56  i2c.o(i.I2C_NAck)
    I2C_ReadByte                             0x08001b31   Thumb Code   102  i2c.o(i.I2C_ReadByte)
    I2C_ReadOneByte                          0x08001ba1   Thumb Code    62  i2c.o(i.I2C_ReadOneByte)
    I2C_Start                                0x08001be1   Thumb Code    70  i2c.o(i.I2C_Start)
    I2C_Stop                                 0x08001c31   Thumb Code    56  i2c.o(i.I2C_Stop)
    I2C_WaiteForAck                          0x08001c71   Thumb Code    76  i2c.o(i.I2C_WaiteForAck)
    I2C_WriteBits                            0x08001cc5   Thumb Code    74  i2c.o(i.I2C_WriteBits)
    I2C_WriteByte                            0x08001d11   Thumb Code    86  i2c.o(i.I2C_WriteByte)
    I2C_WriteOneByte                         0x08001d71   Thumb Code    50  i2c.o(i.I2C_WriteOneByte)
    Incremental_PI_A                         0x08001da5   Thumb Code    96  balance.o(i.Incremental_PI_A)
    Incremental_PI_B                         0x08001e21   Thumb Code    96  balance.o(i.Incremental_PI_B)
    KEY_Init                                 0x08001e9d   Thumb Code    42  key.o(i.KEY_Init)
    Key                                      0x08001ecd   Thumb Code    24  balance.o(i.Key)
    LED_Init                                 0x08001eed   Thumb Code    80  led.o(i.LED_Init)
    MPU6050_Set_LPF                          0x08001f41   Thumb Code    50  mpu6050.o(i.MPU6050_Set_LPF)
    MPU6050_Set_Rate                         0x08001f73   Thumb Code    48  mpu6050.o(i.MPU6050_Set_Rate)
    MPU6050_initialize                       0x08001fa3   Thumb Code   132  mpu6050.o(i.MPU6050_initialize)
    MPU6050_setFullScaleAccelRange           0x08002027   Thumb Code    18  mpu6050.o(i.MPU6050_setFullScaleAccelRange)
    MPU6050_setFullScaleGyroRange            0x08002039   Thumb Code    18  mpu6050.o(i.MPU6050_setFullScaleGyroRange)
    MPU6050_task                             0x0800204d   Thumb Code    60  mpu6050.o(i.MPU6050_task)
    MPU_Get_Accelscope                       0x0800208d   Thumb Code   130  mpu6050.o(i.MPU_Get_Accelscope)
    MPU_Get_Gyroscope                        0x08002115   Thumb Code   160  mpu6050.o(i.MPU_Get_Gyroscope)
    MemManage_Handler                        0x080021c1   Thumb Code     2  stm32f4xx_it.o(i.MemManage_Handler)
    MiniBalance_Motor_Init                   0x080021c5   Thumb Code   180  motor.o(i.MiniBalance_Motor_Init)
    MiniBalance_PWM_Init                     0x08002289   Thumb Code   256  motor.o(i.MiniBalance_PWM_Init)
    NMI_Handler                              0x08002391   Thumb Code     2  stm32f4xx_it.o(i.NMI_Handler)
    NVIC_Init                                0x08002395   Thumb Code    96  misc.o(i.NVIC_Init)
    NVIC_PriorityGroupConfig                 0x080023f9   Thumb Code    10  misc.o(i.NVIC_PriorityGroupConfig)
    OLED_Clear                               0x0800240d   Thumb Code    38  oled.o(i.OLED_Clear)
    OLED_DrawPoint                           0x08002439   Thumb Code    54  oled.o(i.OLED_DrawPoint)
    OLED_Init                                0x08002475   Thumb Code   292  oled.o(i.OLED_Init)
    OLED_Refresh_Gram                        0x080025a1   Thumb Code    66  oled.o(i.OLED_Refresh_Gram)
    OLED_ShowChar                            0x080025e9   Thumb Code   124  oled.o(i.OLED_ShowChar)
    OLED_ShowNumber                          0x0800266d   Thumb Code   120  oled.o(i.OLED_ShowNumber)
    OLED_ShowString                          0x080026e5   Thumb Code    62  oled.o(i.OLED_ShowString)
    OLED_WR_Byte                             0x08002725   Thumb Code    62  oled.o(i.OLED_WR_Byte)
    PS2_ClearData                            0x08002769   Thumb Code    18  pstwo.o(i.PS2_ClearData)
    PS2_Cmd                                  0x08002781   Thumb Code   142  pstwo.o(i.PS2_Cmd)
    PS2_DataKey                              0x08002819   Thumb Code    56  pstwo.o(i.PS2_DataKey)
    PS2_EnterConfing                         0x08002859   Thumb Code    88  pstwo.o(i.PS2_EnterConfing)
    PS2_ExitConfing                          0x080028b5   Thumb Code    88  pstwo.o(i.PS2_ExitConfing)
    PS2_Init                                 0x08002911   Thumb Code    66  pstwo.o(i.PS2_Init)
    PS2_Read                                 0x08002959   Thumb Code   164  pstwo.o(i.PS2_Read)
    PS2_ReadData                             0x08002a35   Thumb Code   156  pstwo.o(i.PS2_ReadData)
    PS2_SetInit                              0x08002add   Thumb Code    30  pstwo.o(i.PS2_SetInit)
    PS2_ShortPoll                            0x08002afd   Thumb Code    64  pstwo.o(i.PS2_ShortPoll)
    PS2_TurnOnAnalogMode                     0x08002b41   Thumb Code    82  pstwo.o(i.PS2_TurnOnAnalogMode)
    PS2_control                              0x08002b99   Thumb Code   228  balance.o(i.PS2_control)
    PWR_BackupAccessCmd                      0x08002cb5   Thumb Code     6  stm32f4xx_pwr.o(i.PWR_BackupAccessCmd)
    RCC_AHB1PeriphClockCmd                   0x08002cc1   Thumb Code    18  stm32f4xx_rcc.o(i.RCC_AHB1PeriphClockCmd)
    RCC_APB1PeriphClockCmd                   0x08002cd9   Thumb Code    18  stm32f4xx_rcc.o(i.RCC_APB1PeriphClockCmd)
    RCC_APB2PeriphClockCmd                   0x08002cf1   Thumb Code    18  stm32f4xx_rcc.o(i.RCC_APB2PeriphClockCmd)
    RCC_APB2PeriphResetCmd                   0x08002d09   Thumb Code    18  stm32f4xx_rcc.o(i.RCC_APB2PeriphResetCmd)
    RCC_GetClocksFreq                        0x08002d21   Thumb Code   132  stm32f4xx_rcc.o(i.RCC_GetClocksFreq)
    RCC_LSEConfig                            0x08002db1   Thumb Code    22  stm32f4xx_rcc.o(i.RCC_LSEConfig)
    Read_Encoder                             0x08002dcd   Thumb Code    52  encoder.o(i.Read_Encoder)
    Remote_Control                           0x08002e0d   Thumb Code   282  balance.o(i.Remote_Control)
    Robot_Init                               0x08002f59   Thumb Code    60  robot_select_init.o(i.Robot_Init)
    Robot_Select                             0x08002fad   Thumb Code   216  robot_select_init.o(i.Robot_Select)
    Servo_PWM_Init                           0x0800309d   Thumb Code   162  motor.o(i.Servo_PWM_Init)
    Set_Pwm                                  0x080031fd   Thumb Code   100  balance.o(i.Set_Pwm)
    SysTick_CLKSourceConfig                  0x08003271   Thumb Code    24  misc.o(i.SysTick_CLKSourceConfig)
    SysTick_Handler                          0x08003289   Thumb Code    20  delay.o(i.SysTick_Handler)
    SystemInit                               0x0800329d   Thumb Code    74  system_stm32f4xx.o(i.SystemInit)
    TIM1_CC_IRQHandler                       0x0800335d   Thumb Code   572  timer.o(i.TIM1_CC_IRQHandler)
    TIM1_Cap_Init                            0x080035b9   Thumb Code   302  timer.o(i.TIM1_Cap_Init)
    TIM1_UP_TIM10_IRQHandler                 0x080036f1   Thumb Code    12  timer.o(i.TIM1_UP_TIM10_IRQHandler)
    TIM2_IRQHandler                          0x08003701   Thumb Code    16  encoder.o(i.TIM2_IRQHandler)
    TIM3_IRQHandler                          0x08003711   Thumb Code    14  encoder.o(i.TIM3_IRQHandler)
    TIM4_IRQHandler                          0x08003725   Thumb Code    14  encoder.o(i.TIM4_IRQHandler)
    TIM5_IRQHandler                          0x08003739   Thumb Code    14  encoder.o(i.TIM5_IRQHandler)
    TIM_ARRPreloadConfig                     0x0800374d   Thumb Code    20  stm32f4xx_tim.o(i.TIM_ARRPreloadConfig)
    TIM_ClearFlag                            0x08003761   Thumb Code     6  stm32f4xx_tim.o(i.TIM_ClearFlag)
    TIM_ClearITPendingBit                    0x08003767   Thumb Code     6  stm32f4xx_tim.o(i.TIM_ClearITPendingBit)
    TIM_Cmd                                  0x0800376d   Thumb Code    20  stm32f4xx_tim.o(i.TIM_Cmd)
    TIM_CtrlPWMOutputs                       0x08003781   Thumb Code    22  stm32f4xx_tim.o(i.TIM_CtrlPWMOutputs)
    TIM_EncoderInterfaceConfig               0x08003797   Thumb Code    50  stm32f4xx_tim.o(i.TIM_EncoderInterfaceConfig)
    TIM_GetCapture1                          0x080037c9   Thumb Code     4  stm32f4xx_tim.o(i.TIM_GetCapture1)
    TIM_GetCapture2                          0x080037cd   Thumb Code     4  stm32f4xx_tim.o(i.TIM_GetCapture2)
    TIM_GetCapture3                          0x080037d1   Thumb Code     4  stm32f4xx_tim.o(i.TIM_GetCapture3)
    TIM_GetCapture4                          0x080037d5   Thumb Code     4  stm32f4xx_tim.o(i.TIM_GetCapture4)
    TIM_GetITStatus                          0x080037d9   Thumb Code    24  stm32f4xx_tim.o(i.TIM_GetITStatus)
    TIM_ICInit                               0x080037f1   Thumb Code   172  stm32f4xx_tim.o(i.TIM_ICInit)
    TIM_ICStructInit                         0x0800389d   Thumb Code    16  stm32f4xx_tim.o(i.TIM_ICStructInit)
    TIM_ITConfig                             0x080038ad   Thumb Code    16  stm32f4xx_tim.o(i.TIM_ITConfig)
    TIM_OC1Init                              0x080038bd   Thumb Code    88  stm32f4xx_tim.o(i.TIM_OC1Init)
    TIM_OC1PolarityConfig                    0x0800391d   Thumb Code    12  stm32f4xx_tim.o(i.TIM_OC1PolarityConfig)
    TIM_OC1PreloadConfig                     0x08003929   Thumb Code    12  stm32f4xx_tim.o(i.TIM_OC1PreloadConfig)
    TIM_OC2Init                              0x08003935   Thumb Code   120  stm32f4xx_tim.o(i.TIM_OC2Init)
    TIM_OC2PolarityConfig                    0x080039b5   Thumb Code    20  stm32f4xx_tim.o(i.TIM_OC2PolarityConfig)
    TIM_OC2PreloadConfig                     0x080039c9   Thumb Code    20  stm32f4xx_tim.o(i.TIM_OC2PreloadConfig)
    TIM_OC3Init                              0x080039dd   Thumb Code   116  stm32f4xx_tim.o(i.TIM_OC3Init)
    TIM_OC3PolarityConfig                    0x08003a59   Thumb Code    20  stm32f4xx_tim.o(i.TIM_OC3PolarityConfig)
    TIM_OC3PreloadConfig                     0x08003a6d   Thumb Code    12  stm32f4xx_tim.o(i.TIM_OC3PreloadConfig)
    TIM_OC4Init                              0x08003a79   Thumb Code    88  stm32f4xx_tim.o(i.TIM_OC4Init)
    TIM_OC4PolarityConfig                    0x08003ad9   Thumb Code    20  stm32f4xx_tim.o(i.TIM_OC4PolarityConfig)
    TIM_OC4PreloadConfig                     0x08003aed   Thumb Code    20  stm32f4xx_tim.o(i.TIM_OC4PreloadConfig)
    TIM_SetCompare3                          0x08003b01   Thumb Code     4  stm32f4xx_tim.o(i.TIM_SetCompare3)
    TIM_SetCompare4                          0x08003b05   Thumb Code     4  stm32f4xx_tim.o(i.TIM_SetCompare4)
    TIM_SetCounter                           0x08003b09   Thumb Code     4  stm32f4xx_tim.o(i.TIM_SetCounter)
    TIM_SetIC1Prescaler                      0x08003b0d   Thumb Code    16  stm32f4xx_tim.o(i.TIM_SetIC1Prescaler)
    TIM_SetIC2Prescaler                      0x08003b1d   Thumb Code    24  stm32f4xx_tim.o(i.TIM_SetIC2Prescaler)
    TIM_SetIC3Prescaler                      0x08003b35   Thumb Code    16  stm32f4xx_tim.o(i.TIM_SetIC3Prescaler)
    TIM_SetIC4Prescaler                      0x08003b45   Thumb Code    24  stm32f4xx_tim.o(i.TIM_SetIC4Prescaler)
    TIM_TimeBaseInit                         0x08003b5d   Thumb Code    96  stm32f4xx_tim.o(i.TIM_TimeBaseInit)
    TIM_TimeBaseStructInit                   0x08003bd9   Thumb Code    18  stm32f4xx_tim.o(i.TIM_TimeBaseStructInit)
    Turn_Off                                 0x08003bed   Thumb Code    86  balance.o(i.Turn_Off)
    UART4_IRQHandler                         0x08003c61   Thumb Code   526  usartx.o(i.UART4_IRQHandler)
    USART1_IRQHandler                        0x08003ed9   Thumb Code   172  usartx.o(i.USART1_IRQHandler)
    USART1_SEND                              0x08003fb9   Thumb Code    22  usartx.o(i.USART1_SEND)
    USART3_IRQHandler                        0x08003fd5   Thumb Code   170  usartx.o(i.USART3_IRQHandler)
    USART3_SEND                              0x080040b5   Thumb Code    22  usartx.o(i.USART3_SEND)
    USART_Cmd                                0x080040d1   Thumb Code    20  stm32f4xx_usart.o(i.USART_Cmd)
    USART_GetITStatus                        0x080040e5   Thumb Code    62  stm32f4xx_usart.o(i.USART_GetITStatus)
    USART_ITConfig                           0x08004123   Thumb Code    48  stm32f4xx_usart.o(i.USART_ITConfig)
    USART_Init                               0x08004155   Thumb Code   164  stm32f4xx_usart.o(i.USART_Init)
    USART_ReceiveData                        0x08004201   Thumb Code     8  stm32f4xx_usart.o(i.USART_ReceiveData)
    UsageFault_Handler                       0x08004209   Thumb Code     2  stm32f4xx_it.o(i.UsageFault_Handler)
    XYZ_Target_Speed_transition              0x0800420d   Thumb Code    74  usartx.o(i.XYZ_Target_Speed_transition)
    __0printf$3                              0x08004261   Thumb Code    22  printf3.o(i.__0printf$3)
    __1printf$3                              0x08004261   Thumb Code     0  printf3.o(i.__0printf$3)
    __2printf                                0x08004261   Thumb Code     0  printf3.o(i.__0printf$3)
    __ARM_fpclassify                         0x08004281   Thumb Code    48  fpclassify.o(i.__ARM_fpclassify)
    __hardfp_pow                             0x080042b1   Thumb Code  3072  pow.o(i.__hardfp_pow)
    __kernel_poly                            0x08004f01   Thumb Code   248  poly.o(i.__kernel_poly)
    __mathlib_dbl_divzero                    0x08004ff9   Thumb Code    28  dunder.o(i.__mathlib_dbl_divzero)
    __mathlib_dbl_infnan2                    0x08005029   Thumb Code    20  dunder.o(i.__mathlib_dbl_infnan2)
    __mathlib_dbl_invalid                    0x08005041   Thumb Code    24  dunder.o(i.__mathlib_dbl_invalid)
    __mathlib_dbl_overflow                   0x08005061   Thumb Code    24  dunder.o(i.__mathlib_dbl_overflow)
    __mathlib_dbl_underflow                  0x08005081   Thumb Code    24  dunder.o(i.__mathlib_dbl_underflow)
    __scatterload_copy                       0x080050a1   Thumb Code    14  handlers.o(i.__scatterload_copy)
    __scatterload_null                       0x080050af   Thumb Code     2  handlers.o(i.__scatterload_null)
    __scatterload_zeroinit                   0x080050b1   Thumb Code    14  handlers.o(i.__scatterload_zeroinit)
    __set_errno                              0x080050c1   Thumb Code     6  errno.o(i.__set_errno)
    click                                    0x08005285   Thumb Code    40  key.o(i.click)
    data_task                                0x080052b5   Thumb Code    34  usartx.o(i.data_task)
    data_transition                          0x080052d9   Thumb Code   296  usartx.o(i.data_transition)
    delay_init                               0x08005425   Thumb Code    50  delay.o(i.delay_init)
    delay_ms                                 0x0800545d   Thumb Code    52  delay.o(i.delay_ms)
    delay_us                                 0x08005495   Thumb Code    48  delay.o(i.delay_us)
    fabs                                     0x080054c9   Thumb Code    24  fabs.o(i.fabs)
    fputc                                    0x080054e1   Thumb Code    18  usart.o(i.fputc)
    getSysTickCnt                            0x080054f9   Thumb Code    24  delay.o(i.getSysTickCnt)
    led_task                                 0x08005515   Thumb Code    22  led.o(i.led_task)
    main                                     0x08005535   Thumb Code    34  main.o(i.main)
    myabs                                    0x0800556d   Thumb Code     8  balance.o(i.myabs)
    oled_pow                                 0x08005575   Thumb Code    16  oled.o(i.oled_pow)
    oled_show                                0x08005585   Thumb Code  1296  show.o(i.oled_show)
    pstwo_task                               0x080062fd   Thumb Code    22  pstwo.o(i.pstwo_task)
    pvPortMalloc                             0x08006315   Thumb Code   214  heap_4.o(i.pvPortMalloc)
    pvTaskIncrementMutexHeldCount            0x08006429   Thumb Code    18  tasks.o(i.pvTaskIncrementMutexHeldCount)
    pxPortInitialiseStack                    0x08006441   Thumb Code    40  port.o(i.pxPortInitialiseStack)
    robot_mode_check                         0x0800646d   Thumb Code   130  balance.o(i.robot_mode_check)
    show_task                                0x0800650d   Thumb Code   206  show.o(i.show_task)
    sqrt                                     0x080065fd   Thumb Code   110  sqrt.o(i.sqrt)
    start_task                               0x0800666d   Thumb Code   132  main.o(i.start_task)
    systemInit                               0x0800675d   Thumb Code   154  system.o(i.systemInit)
    target_limit_float                       0x080067f7   Thumb Code    32  balance.o(i.target_limit_float)
    target_limit_int                         0x08006817   Thumb Code    16  balance.o(i.target_limit_int)
    uart1_init                               0x08006829   Thumb Code   162  usartx.o(i.uart1_init)
    uart3_init                               0x080068d5   Thumb Code   168  usartx.o(i.uart3_init)
    uart4_init                               0x08006985   Thumb Code   162  usartx.o(i.uart4_init)
    usart1_send                              0x08006a31   Thumb Code    12  usartx.o(i.usart1_send)
    usart3_send                              0x08006a41   Thumb Code    14  usartx.o(i.usart3_send)
    uxListRemove                             0x08006a55   Thumb Code    36  list.o(i.uxListRemove)
    vListInitialise                          0x08006a79   Thumb Code    22  list.o(i.vListInitialise)
    vListInitialiseItem                      0x08006a8f   Thumb Code     6  list.o(i.vListInitialiseItem)
    vListInsert                              0x08006a95   Thumb Code    48  list.o(i.vListInsert)
    vListInsertEnd                           0x08006ac5   Thumb Code    24  list.o(i.vListInsertEnd)
    vPortEnterCritical                       0x08006add   Thumb Code    50  port.o(i.vPortEnterCritical)
    vPortExitCritical                        0x08006b55   Thumb Code    34  port.o(i.vPortExitCritical)
    vPortFree                                0x08006bb9   Thumb Code    94  heap_4.o(i.vPortFree)
    vPortSetupTimerInterrupt                 0x08006c55   Thumb Code    26  port.o(i.vPortSetupTimerInterrupt)
    vPortValidateInterruptPriority           0x08006c75   Thumb Code    70  port.o(i.vPortValidateInterruptPriority)
    vQueueAddToRegistry                      0x08006d01   Thumb Code    32  queue.o(i.vQueueAddToRegistry)
    vQueueWaitForMessageRestricted           0x08006d25   Thumb Code    68  queue.o(i.vQueueWaitForMessageRestricted)
    vTaskDelay                               0x08006d69   Thumb Code    62  tasks.o(i.vTaskDelay)
    vTaskDelayUntil                          0x08006dd5   Thumb Code   128  tasks.o(i.vTaskDelayUntil)
    vTaskDelete                              0x08006e81   Thumb Code   152  tasks.o(i.vTaskDelete)
    vTaskMissedYield                         0x08006f4d   Thumb Code     8  tasks.o(i.vTaskMissedYield)
    vTaskPlaceOnEventList                    0x08006f59   Thumb Code    44  tasks.o(i.vTaskPlaceOnEventList)
    vTaskPlaceOnEventListRestricted          0x08006fad   Thumb Code    52  tasks.o(i.vTaskPlaceOnEventListRestricted)
    vTaskPriorityInherit                     0x08007009   Thumb Code   124  tasks.o(i.vTaskPriorityInherit)
    vTaskSetTimeOutState                     0x0800708d   Thumb Code    30  tasks.o(i.vTaskSetTimeOutState)
    vTaskStartScheduler                      0x080070d5   Thumb Code    96  tasks.o(i.vTaskStartScheduler)
    vTaskSuspendAll                          0x08007169   Thumb Code    10  tasks.o(i.vTaskSuspendAll)
    vTaskSwitchContext                       0x08007179   Thumb Code    80  tasks.o(i.vTaskSwitchContext)
    xPortStartScheduler                      0x080071f5   Thumb Code   196  port.o(i.xPortStartScheduler)
    xPortSysTickHandler                      0x08007309   Thumb Code    38  port.o(i.xPortSysTickHandler)
    xQueueGenericCreate                      0x08007335   Thumb Code    82  queue.o(i.xQueueGenericCreate)
    xQueueGenericReceive                     0x080073ad   Thumb Code   348  queue.o(i.xQueueGenericReceive)
    xQueueGenericReset                       0x08007531   Thumb Code   128  queue.o(i.xQueueGenericReset)
    xQueueGenericSend                        0x080075d9   Thumb Code   350  queue.o(i.xQueueGenericSend)
    xQueueGenericSendFromISR                 0x08007761   Thumb Code   188  queue.o(i.xQueueGenericSendFromISR)
    xTaskCheckForTimeOut                     0x08007841   Thumb Code    94  tasks.o(i.xTaskCheckForTimeOut)
    xTaskCreate                              0x080078c9   Thumb Code    86  tasks.o(i.xTaskCreate)
    xTaskGetSchedulerState                   0x08007921   Thumb Code    22  tasks.o(i.xTaskGetSchedulerState)
    xTaskGetTickCount                        0x0800793d   Thumb Code     6  tasks.o(i.xTaskGetTickCount)
    xTaskIncrementTick                       0x08007949   Thumb Code   188  tasks.o(i.xTaskIncrementTick)
    xTaskPriorityDisinherit                  0x08007a31   Thumb Code   136  tasks.o(i.xTaskPriorityDisinherit)
    xTaskRemoveFromEventList                 0x08007ae5   Thumb Code   102  tasks.o(i.xTaskRemoveFromEventList)
    xTaskResumeAll                           0x08007b7d   Thumb Code   180  tasks.o(i.xTaskResumeAll)
    xTimerCreate                             0x08007c61   Thumb Code    74  timers.o(i.xTimerCreate)
    xTimerCreateTimerTask                    0x08007cd5   Thumb Code    58  timers.o(i.xTimerCreateTimerTask)
    xTimerGenericCommand                     0x08007d49   Thumb Code    98  timers.o(i.xTimerGenericCommand)
    oled_asc2_1206                           0x08007dd8   Data        1140  oled.o(.constdata)
    oled_asc2_1608                           0x0800824c   Data        1520  oled.o(.constdata)
    Hzk16                                    0x0800883c   Data        2624  oled.o(.constdata)
    __mathlib_zero                           0x08009308   Data           8  qnan.o(.constdata)
    Region$$Table$$Base                      0x08009310   Number         0  anon$$obj.o(Region$$Table)
    Region$$Table$$Limit                     0x08009330   Number         0  anon$$obj.o(Region$$Table)
    StartTask_Handler                        0x20000000   Data           4  main.o(.data)
    SystemCoreClock                          0x20000004   Data           4  system_stm32f4xx.o(.data)
    AHBPrescTable                            0x20000008   Data          16  system_stm32f4xx.o(.data)
    Voltage                                  0x20000018   Data           4  adc.o(.data)
    Voltage_All                              0x2000001c   Data           4  adc.o(.data)
    Led_Count                                0x20000034   Data           4  led.o(.data)
    Comd                                     0x2000003c   Data           2  pstwo.o(.data)
    Handkey                                  0x2000003e   Data           2  pstwo.o(.data)
    MASK                                     0x20000044   Data          32  pstwo.o(.data)
    TIM1CH1_CAPTURE_STA                      0x20000064   Data           1  timer.o(.data)
    TIM1CH2_CAPTURE_STA                      0x20000065   Data           1  timer.o(.data)
    TIM1CH3_CAPTURE_STA                      0x20000066   Data           1  timer.o(.data)
    TIM1CH4_CAPTURE_STA                      0x20000067   Data           1  timer.o(.data)
    TIM1CH1_CAPTURE_UPVAL                    0x20000068   Data           2  timer.o(.data)
    TIM1CH1_CAPTURE_DOWNVAL                  0x2000006a   Data           2  timer.o(.data)
    TIM1CH2_CAPTURE_UPVAL                    0x2000006c   Data           2  timer.o(.data)
    TIM1CH2_CAPTURE_DOWNVAL                  0x2000006e   Data           2  timer.o(.data)
    TIM1CH3_CAPTURE_UPVAL                    0x20000070   Data           2  timer.o(.data)
    TIM1CH3_CAPTURE_DOWNVAL                  0x20000072   Data           2  timer.o(.data)
    TIM1CH4_CAPTURE_UPVAL                    0x20000074   Data           2  timer.o(.data)
    TIM1CH4_CAPTURE_DOWNVAL                  0x20000076   Data           2  timer.o(.data)
    Remoter_Ch1                              0x20000078   Data           4  timer.o(.data)
    Remoter_Ch2                              0x2000007c   Data           4  timer.o(.data)
    Remoter_Ch3                              0x20000080   Data           4  timer.o(.data)
    Remoter_Ch4                              0x20000084   Data           4  timer.o(.data)
    L_Remoter_Ch1                            0x20000088   Data           4  timer.o(.data)
    L_Remoter_Ch2                            0x2000008c   Data           4  timer.o(.data)
    L_Remoter_Ch3                            0x20000090   Data           4  timer.o(.data)
    L_Remoter_Ch4                            0x20000094   Data           4  timer.o(.data)
    TIM1_T1                                  0x20000098   Data           4  timer.o(.data)
    TIM1_T2                                  0x2000009c   Data           4  timer.o(.data)
    TIM1_T3                                  0x200000a0   Data           4  timer.o(.data)
    TIM1_T4                                  0x200000a4   Data           4  timer.o(.data)
    __stdout                                 0x200000bc   Data           4  usart.o(.data)
    pxCurrentTCB                             0x200000d0   Data           4  tasks.o(.data)
    Flag_Stop                                0x20000144   Data           1  system.o(.data)
    Car_Mode                                 0x20000145   Data           1  system.o(.data)
    RC_Velocity                              0x20000148   Data           4  system.o(.data)
    Velocity_KP                              0x2000014c   Data           4  system.o(.data)
    Velocity_KI                              0x20000150   Data           4  system.o(.data)
    PS2_ON_Flag                              0x20000154   Data           1  system.o(.data)
    APP_ON_Flag                              0x20000155   Data           1  system.o(.data)
    Remote_ON_Flag                           0x20000156   Data           1  system.o(.data)
    CAN_ON_Flag                              0x20000157   Data           1  system.o(.data)
    Usart_ON_Flag                            0x20000158   Data           1  system.o(.data)
    Flag_Direction                           0x20000159   Data           1  system.o(.data)
    Divisor_Mode                             0x2000015c   Data           4  system.o(.data)
    Move_X                                   0x20000160   Data           4  system.o(.data)
    Move_Y                                   0x20000164   Data           4  system.o(.data)
    Move_Z                                   0x20000168   Data           4  system.o(.data)
    Encoder_precision                        0x2000016c   Data           4  system.o(.data)
    Wheel_perimeter                          0x20000170   Data           4  system.o(.data)
    Wheel_spacing                            0x20000174   Data           4  system.o(.data)
    Axle_spacing                             0x20000178   Data           4  system.o(.data)
    Flag_Left                                0x2000017c   Data           1  system.o(.data)
    Flag_Right                               0x2000017d   Data           1  system.o(.data)
    Turn_Flag                                0x2000017e   Data           1  system.o(.data)
    PID_Send                                 0x2000017f   Data           1  system.o(.data)
    PS2_LX                                   0x20000180   Data           4  system.o(.data)
    PS2_LY                                   0x20000184   Data           4  system.o(.data)
    PS2_RX                                   0x20000188   Data           4  system.o(.data)
    PS2_RY                                   0x2000018c   Data           4  system.o(.data)
    PS2_KEY                                  0x20000190   Data           4  system.o(.data)
    robot_mode_check_flag                    0x20000198   Data           4  balance.o(.data)
    Servo_max                                0x2000019c   Data           4  balance.o(.data)
    Servo_min                                0x200001a0   Data           4  balance.o(.data)
    Time_count                               0x200001a4   Data           4  balance.o(.data)
    Angle_Smoother_Rate                      0x200001cc   Data           4  balance.o(.data)
    Velocity_Smoother_Rate                   0x200001d0   Data           4  balance.o(.data)
    command_lost_count                       0x200001d4   Data           1  balance.o(.data)
    SERVO_BIAS                               0x200001d8   Data           4  balance.o(.data)
    Buzzer_count                             0x200001e0   Data           4  show.o(.data)
    Voltage_Show                             0x200001ec   Data           4  show.o(.data)
    BrushlessEnable                          0x200001f0   Data           4  hubdrivercan.o(.data)
    Deviation_Count                          0x200001f4   Data           4  mpu6050.o(.data)
    gyro                                     0x200001f8   Data           6  mpu6050.o(.data)
    accel                                    0x200001fe   Data           6  mpu6050.o(.data)
    Deviation_gyro                           0x20000204   Data           6  mpu6050.o(.data)
    Original_gyro                            0x2000020a   Data           6  mpu6050.o(.data)
    Deviation_accel                          0x20000210   Data           6  mpu6050.o(.data)
    Original_accel                           0x20000216   Data           6  mpu6050.o(.data)
    OLED_GRAM                                0x20000220   Data        1024  oled.o(.bss)
    Data                                     0x20000620   Data           9  pstwo.o(.bss)
    Send_Data                                0x2000065e   Data          48  usartx.o(.bss)
    Receive_Data                             0x20000690   Data          32  usartx.o(.bss)
    xQueueRegistry                           0x200006b0   Data          64  queue.o(.bss)
    MOTOR_A                                  0x200059fc   Data          28  system.o(.bss)
    MOTOR_B                                  0x20005a18   Data          28  system.o(.bss)
    MOTOR_C                                  0x20005a34   Data          28  system.o(.bss)
    MOTOR_D                                  0x20005a50   Data          28  system.o(.bss)
    Robot_Parament                           0x20005a6c   Data          24  robot_select_init.o(.bss)
    __initial_sp                             0x20005e88   Data           0  startup_stm32f40_41xxx.o(STACK)



==============================================================================

Memory Map of the image

  Image Entry point : 0x08000189

  Load Region LR_IROM1 (Base: 0x08000000, Size: 0x00009550, Max: 0x00080000, ABSOLUTE, COMPRESSED[0x0000939c])

    Execution Region ER_IROM1 (Exec base: 0x08000000, Load base: 0x08000000, Size: 0x00009330, Max: 0x00080000, ABSOLUTE)

    Exec Addr    Load Addr    Size         Type   Attr      Idx    E Section Name        Object

    0x08000000   0x08000000   0x00000188   Data   RO         1220    RESET               startup_stm32f40_41xxx.o
    0x08000188   0x08000188   0x00000000   Code   RO         4921  * .ARM.Collect$$$$00000000  mc_w.l(entry.o)
    0x08000188   0x08000188   0x00000004   Code   RO         5244    .ARM.Collect$$$$00000001  mc_w.l(entry2.o)
    0x0800018c   0x0800018c   0x00000004   Code   RO         5247    .ARM.Collect$$$$00000004  mc_w.l(entry5.o)
    0x08000190   0x08000190   0x00000000   Code   RO         5249    .ARM.Collect$$$$00000008  mc_w.l(entry7b.o)
    0x08000190   0x08000190   0x00000000   Code   RO         5251    .ARM.Collect$$$$0000000A  mc_w.l(entry8b.o)
    0x08000190   0x08000190   0x00000008   Code   RO         5252    .ARM.Collect$$$$0000000B  mc_w.l(entry9a.o)
    0x08000198   0x08000198   0x00000004   Code   RO         5259    .ARM.Collect$$$$0000000E  mc_w.l(entry12b.o)
    0x0800019c   0x0800019c   0x00000000   Code   RO         5254    .ARM.Collect$$$$0000000F  mc_w.l(entry10a.o)
    0x0800019c   0x0800019c   0x00000000   Code   RO         5256    .ARM.Collect$$$$00000011  mc_w.l(entry11a.o)
    0x0800019c   0x0800019c   0x00000004   Code   RO         5245    .ARM.Collect$$$$00002712  mc_w.l(entry2.o)
    0x080001a0   0x080001a0   0x000000b6   Code   RO         3922    .emb_text           port.o
    0x08000256   0x08000256   0x00000002   PAD
    0x08000258   0x08000258   0x00000024   Code   RO         1221    .text               startup_stm32f40_41xxx.o
    0x0800027c   0x0800027c   0x00000024   Code   RO         4924    .text               mc_w.l(memcpya.o)
    0x080002a0   0x080002a0   0x00000024   Code   RO         4926    .text               mc_w.l(memseta.o)
    0x080002c4   0x080002c4   0x0000014e   Code   RO         5195    .text               mf_w.l(dadd.o)
    0x08000412   0x08000412   0x000000e4   Code   RO         5197    .text               mf_w.l(dmul.o)
    0x080004f6   0x080004f6   0x00000022   Code   RO         5199    .text               mf_w.l(dflti.o)
    0x08000518   0x08000518   0x0000001a   Code   RO         5201    .text               mf_w.l(dfltui.o)
    0x08000532   0x08000532   0x00000026   Code   RO         5203    .text               mf_w.l(f2d.o)
    0x08000558   0x08000558   0x00000038   Code   RO         5205    .text               mf_w.l(d2f.o)
    0x08000590   0x08000590   0x0000002c   Code   RO         5260    .text               mc_w.l(uidiv.o)
    0x080005bc   0x080005bc   0x0000001e   Code   RO         5264    .text               mc_w.l(llshl.o)
    0x080005da   0x080005da   0x00000024   Code   RO         5266    .text               mc_w.l(llsshr.o)
    0x080005fe   0x080005fe   0x00000000   Code   RO         5275    .text               mc_w.l(iusefp.o)
    0x080005fe   0x080005fe   0x0000006e   Code   RO         5276    .text               mf_w.l(fepilogue.o)
    0x0800066c   0x0800066c   0x000000ba   Code   RO         5278    .text               mf_w.l(depilogue.o)
    0x08000726   0x08000726   0x000000de   Code   RO         5280    .text               mf_w.l(ddiv.o)
    0x08000804   0x08000804   0x0000002e   Code   RO         5284    .text               mf_w.l(dscalb.o)
    0x08000832   0x08000832   0x00000002   PAD
    0x08000834   0x08000834   0x00000030   Code   RO         5288    .text               mf_w.l(cdrcmple.o)
    0x08000864   0x08000864   0x00000024   Code   RO         5290    .text               mc_w.l(init.o)
    0x08000888   0x08000888   0x00000020   Code   RO         5292    .text               mc_w.l(llushr.o)
    0x080008a8   0x080008a8   0x000000a2   Code   RO         5294    .text               mf_w.l(dsqrt.o)
    0x0800094a   0x0800094a   0x00000056   Code   RO         5306    .text               mc_w.l(__dczerorl2.o)
    0x080009a0   0x080009a0   0x00000014   Code   RO         1953    i.ADC_Cmd           stm32f4xx_adc.o
    0x080009b4   0x080009b4   0x0000002c   Code   RO         1954    i.ADC_CommonInit    stm32f4xx_adc.o
    0x080009e0   0x080009e0   0x00000006   Code   RO         1965    i.ADC_GetConversionValue  stm32f4xx_adc.o
    0x080009e6   0x080009e6   0x0000000e   Code   RO         1966    i.ADC_GetFlagStatus  stm32f4xx_adc.o
    0x080009f4   0x080009f4   0x0000004c   Code   RO         1973    i.ADC_Init          stm32f4xx_adc.o
    0x08000a40   0x08000a40   0x00000074   Code   RO         1978    i.ADC_RegularChannelConfig  stm32f4xx_adc.o
    0x08000ab4   0x08000ab4   0x0000000a   Code   RO         1980    i.ADC_SoftwareStartConv  stm32f4xx_adc.o
    0x08000abe   0x08000abe   0x00000002   PAD
    0x08000ac0   0x08000ac0   0x00000138   Code   RO         4297    i.APP_Show          show.o
    0x08000bf8   0x08000bf8   0x000000a0   Code   RO          387    i.Adc_Init          adc.o
    0x08000c98   0x08000c98   0x00000174   Code   RO         4126    i.Balance_task      balance.o
    0x08000e0c   0x08000e0c   0x00000002   Code   RO          271    i.BusFault_Handler  stm32f4xx_it.o
    0x08000e0e   0x08000e0e   0x00000002   PAD
    0x08000e10   0x08000e10   0x00000034   Code   RO          627    i.Buzzer_Init       led.o
    0x08000e44   0x08000e44   0x00000184   Code   RO          434    i.CAN1_Mode_Init    can.o
    0x08000fc8   0x08000fc8   0x00000114   Code   RO          436    i.CAN1_RX0_IRQHandler  can.o
    0x080010dc   0x080010dc   0x00000094   Code   RO          438    i.CAN1_Rx_Msg       can.o
    0x08001170   0x08001170   0x00000036   Code   RO          441    i.CAN1_Send_Num     can.o
    0x080011a6   0x080011a6   0x00000002   PAD
    0x080011a8   0x080011a8   0x000000c0   Code   RO          442    i.CAN1_Tx_Msg       can.o
    0x08001268   0x08001268   0x00000064   Code   RO          443    i.CAN1_Tx_Staus     can.o
    0x080012cc   0x080012cc   0x000000cc   Code   RO         2195    i.CAN_FilterInit    stm32f4xx_can.o
    0x08001398   0x08001398   0x00000010   Code   RO         2201    i.CAN_ITConfig      stm32f4xx_can.o
    0x080013a8   0x080013a8   0x00000058   Code   RO          966    i.CAN_SEND          usartx.o
    0x08001400   0x08001400   0x00000038   Code   RO          967    i.Check_Sum         usartx.o
    0x08001438   0x08001438   0x00000002   Code   RO          272    i.DebugMon_Handler  stm32f4xx_it.o
    0x0800143a   0x0800143a   0x00000002   PAD
    0x0800143c   0x0800143c   0x00000068   Code   RO         4127    i.Drive_Motor       balance.o
    0x080014a4   0x080014a4   0x00000030   Code   RO          671    i.Enable_Pin        motor.o
    0x080014d4   0x080014d4   0x000000dc   Code   RO          508    i.Encoder_Init_TIM2  encoder.o
    0x080015b0   0x080015b0   0x000000bc   Code   RO          509    i.Encoder_Init_TIM3  encoder.o
    0x0800166c   0x0800166c   0x000000bc   Code   RO          510    i.Encoder_Init_TIM4  encoder.o
    0x08001728   0x08001728   0x000000bc   Code   RO          511    i.Encoder_Init_TIM5  encoder.o
    0x080017e4   0x080017e4   0x00000078   Code   RO         1272    i.GPIO_Init         stm32f4xx_gpio.o
    0x0800185c   0x0800185c   0x00000020   Code   RO         1273    i.GPIO_PinAFConfig  stm32f4xx_gpio.o
    0x0800187c   0x0800187c   0x00000004   Code   RO         1279    i.GPIO_ResetBits    stm32f4xx_gpio.o
    0x08001880   0x08001880   0x00000004   Code   RO         1280    i.GPIO_SetBits      stm32f4xx_gpio.o
    0x08001884   0x08001884   0x00000030   Code   RO          388    i.Get_Adc           adc.o
    0x080018b4   0x080018b4   0x000000bc   Code   RO         4128    i.Get_RC            balance.o
    0x08001970   0x08001970   0x00000074   Code   RO         4129    i.Get_Velocity_Form_Encoder  balance.o
    0x080019e4   0x080019e4   0x0000002e   Code   RO          389    i.Get_adc_Average   adc.o
    0x08001a12   0x08001a12   0x00000002   PAD
    0x08001a14   0x08001a14   0x00000054   Code   RO          390    i.Get_battery_volt  adc.o
    0x08001a68   0x08001a68   0x00000002   Code   RO          273    i.HardFault_Handler  stm32f4xx_it.o
    0x08001a6a   0x08001a6a   0x00000002   PAD
    0x08001a6c   0x08001a6c   0x00000040   Code   RO         4797    i.I2C_Ack           i2c.o
    0x08001aac   0x08001aac   0x00000044   Code   RO         4798    i.I2C_GPIOInit      i2c.o
    0x08001af0   0x08001af0   0x00000040   Code   RO         4799    i.I2C_NAck          i2c.o
    0x08001b30   0x08001b30   0x00000070   Code   RO         4801    i.I2C_ReadByte      i2c.o
    0x08001ba0   0x08001ba0   0x0000003e   Code   RO         4802    i.I2C_ReadOneByte   i2c.o
    0x08001bde   0x08001bde   0x00000002   PAD
    0x08001be0   0x08001be0   0x00000050   Code   RO         4803    i.I2C_Start         i2c.o
    0x08001c30   0x08001c30   0x00000040   Code   RO         4804    i.I2C_Stop          i2c.o
    0x08001c70   0x08001c70   0x00000054   Code   RO         4805    i.I2C_WaiteForAck   i2c.o
    0x08001cc4   0x08001cc4   0x0000004a   Code   RO         4806    i.I2C_WriteBits     i2c.o
    0x08001d0e   0x08001d0e   0x00000002   PAD
    0x08001d10   0x08001d10   0x00000060   Code   RO         4808    i.I2C_WriteByte     i2c.o
    0x08001d70   0x08001d70   0x00000032   Code   RO         4810    i.I2C_WriteOneByte  i2c.o
    0x08001da2   0x08001da2   0x00000002   PAD
    0x08001da4   0x08001da4   0x0000007c   Code   RO         4130    i.Incremental_PI_A  balance.o
    0x08001e20   0x08001e20   0x0000007c   Code   RO         4131    i.Incremental_PI_B  balance.o
    0x08001e9c   0x08001e9c   0x00000030   Code   RO          577    i.KEY_Init          key.o
    0x08001ecc   0x08001ecc   0x00000020   Code   RO         4133    i.Key               balance.o
    0x08001eec   0x08001eec   0x00000054   Code   RO          628    i.LED_Init          led.o
    0x08001f40   0x08001f40   0x00000032   Code   RO         4673    i.MPU6050_Set_LPF   mpu6050.o
    0x08001f72   0x08001f72   0x00000030   Code   RO         4674    i.MPU6050_Set_Rate  mpu6050.o
    0x08001fa2   0x08001fa2   0x00000084   Code   RO         4676    i.MPU6050_initialize  mpu6050.o
    0x08002026   0x08002026   0x00000012   Code   RO         4679    i.MPU6050_setFullScaleAccelRange  mpu6050.o
    0x08002038   0x08002038   0x00000012   Code   RO         4680    i.MPU6050_setFullScaleGyroRange  mpu6050.o
    0x0800204a   0x0800204a   0x00000002   PAD
    0x0800204c   0x0800204c   0x00000040   Code   RO         4684    i.MPU6050_task      mpu6050.o
    0x0800208c   0x0800208c   0x00000088   Code   RO         4686    i.MPU_Get_Accelscope  mpu6050.o
    0x08002114   0x08002114   0x000000ac   Code   RO         4687    i.MPU_Get_Gyroscope  mpu6050.o
    0x080021c0   0x080021c0   0x00000002   Code   RO          274    i.MemManage_Handler  stm32f4xx_it.o
    0x080021c2   0x080021c2   0x00000002   PAD
    0x080021c4   0x080021c4   0x000000c4   Code   RO          672    i.MiniBalance_Motor_Init  motor.o
    0x08002288   0x08002288   0x00000108   Code   RO          673    i.MiniBalance_PWM_Init  motor.o
    0x08002390   0x08002390   0x00000002   Code   RO          275    i.NMI_Handler       stm32f4xx_it.o
    0x08002392   0x08002392   0x00000002   PAD
    0x08002394   0x08002394   0x00000064   Code   RO         1227    i.NVIC_Init         misc.o
    0x080023f8   0x080023f8   0x00000014   Code   RO         1228    i.NVIC_PriorityGroupConfig  misc.o
    0x0800240c   0x0800240c   0x0000002c   Code   RO          709    i.OLED_Clear        oled.o
    0x08002438   0x08002438   0x0000003c   Code   RO          712    i.OLED_DrawPoint    oled.o
    0x08002474   0x08002474   0x0000012c   Code   RO          713    i.OLED_Init         oled.o
    0x080025a0   0x080025a0   0x00000048   Code   RO          714    i.OLED_Refresh_Gram  oled.o
    0x080025e8   0x080025e8   0x00000084   Code   RO          717    i.OLED_ShowChar     oled.o
    0x0800266c   0x0800266c   0x00000078   Code   RO          718    i.OLED_ShowNumber   oled.o
    0x080026e4   0x080026e4   0x0000003e   Code   RO          719    i.OLED_ShowString   oled.o
    0x08002722   0x08002722   0x00000002   PAD
    0x08002724   0x08002724   0x00000044   Code   RO          720    i.OLED_WR_Byte      oled.o
    0x08002768   0x08002768   0x00000018   Code   RO          807    i.PS2_ClearData     pstwo.o
    0x08002780   0x08002780   0x00000098   Code   RO          808    i.PS2_Cmd           pstwo.o
    0x08002818   0x08002818   0x00000040   Code   RO          809    i.PS2_DataKey       pstwo.o
    0x08002858   0x08002858   0x0000005c   Code   RO          810    i.PS2_EnterConfing  pstwo.o
    0x080028b4   0x080028b4   0x0000005c   Code   RO          811    i.PS2_ExitConfing   pstwo.o
    0x08002910   0x08002910   0x00000048   Code   RO          812    i.PS2_Init          pstwo.o
    0x08002958   0x08002958   0x000000dc   Code   RO          813    i.PS2_Read          pstwo.o
    0x08002a34   0x08002a34   0x000000a8   Code   RO          814    i.PS2_ReadData      pstwo.o
    0x08002adc   0x08002adc   0x0000001e   Code   RO          817    i.PS2_SetInit       pstwo.o
    0x08002afa   0x08002afa   0x00000002   PAD
    0x08002afc   0x08002afc   0x00000044   Code   RO          818    i.PS2_ShortPoll     pstwo.o
    0x08002b40   0x08002b40   0x00000058   Code   RO          819    i.PS2_TurnOnAnalogMode  pstwo.o
    0x08002b98   0x08002b98   0x0000011c   Code   RO         4135    i.PS2_control       balance.o
    0x08002cb4   0x08002cb4   0x0000000c   Code   RO         2899    i.PWR_BackupAccessCmd  stm32f4xx_pwr.o
    0x08002cc0   0x08002cc0   0x00000018   Code   RO         1369    i.RCC_AHB1PeriphClockCmd  stm32f4xx_rcc.o
    0x08002cd8   0x08002cd8   0x00000018   Code   RO         1378    i.RCC_APB1PeriphClockCmd  stm32f4xx_rcc.o
    0x08002cf0   0x08002cf0   0x00000018   Code   RO         1381    i.RCC_APB2PeriphClockCmd  stm32f4xx_rcc.o
    0x08002d08   0x08002d08   0x00000018   Code   RO         1383    i.RCC_APB2PeriphResetCmd  stm32f4xx_rcc.o
    0x08002d20   0x08002d20   0x00000090   Code   RO         1390    i.RCC_GetClocksFreq  stm32f4xx_rcc.o
    0x08002db0   0x08002db0   0x0000001c   Code   RO         1399    i.RCC_LSEConfig     stm32f4xx_rcc.o
    0x08002dcc   0x08002dcc   0x00000040   Code   RO          512    i.Read_Encoder      encoder.o
    0x08002e0c   0x08002e0c   0x0000014c   Code   RO         4136    i.Remote_Control    balance.o
    0x08002f58   0x08002f58   0x00000054   Code   RO         4268    i.Robot_Init        robot_select_init.o
    0x08002fac   0x08002fac   0x000000f0   Code   RO         4269    i.Robot_Select      robot_select_init.o
    0x0800309c   0x0800309c   0x000000ac   Code   RO          674    i.Servo_PWM_Init    motor.o
    0x08003148   0x08003148   0x000000b4   Code   RO          350    i.SetSysClock       system_stm32f4xx.o
    0x080031fc   0x080031fc   0x00000074   Code   RO         4137    i.Set_Pwm           balance.o
    0x08003270   0x08003270   0x00000018   Code   RO         1231    i.SysTick_CLKSourceConfig  misc.o
    0x08003288   0x08003288   0x00000014   Code   RO         1099    i.SysTick_Handler   delay.o
    0x0800329c   0x0800329c   0x0000005c   Code   RO          352    i.SystemInit        system_stm32f4xx.o
    0x080032f8   0x080032f8   0x0000002e   Code   RO         2352    i.TI1_Config        stm32f4xx_tim.o
    0x08003326   0x08003326   0x00000036   Code   RO         2353    i.TI2_Config        stm32f4xx_tim.o
    0x0800335c   0x0800335c   0x0000025c   Code   RO          928    i.TIM1_CC_IRQHandler  timer.o
    0x080035b8   0x080035b8   0x00000138   Code   RO          929    i.TIM1_Cap_Init     timer.o
    0x080036f0   0x080036f0   0x00000010   Code   RO          930    i.TIM1_UP_TIM10_IRQHandler  timer.o
    0x08003700   0x08003700   0x00000010   Code   RO          513    i.TIM2_IRQHandler   encoder.o
    0x08003710   0x08003710   0x00000014   Code   RO          514    i.TIM3_IRQHandler   encoder.o
    0x08003724   0x08003724   0x00000014   Code   RO          515    i.TIM4_IRQHandler   encoder.o
    0x08003738   0x08003738   0x00000014   Code   RO          516    i.TIM5_IRQHandler   encoder.o
    0x0800374c   0x0800374c   0x00000014   Code   RO         2354    i.TIM_ARRPreloadConfig  stm32f4xx_tim.o
    0x08003760   0x08003760   0x00000006   Code   RO         2360    i.TIM_ClearFlag     stm32f4xx_tim.o
    0x08003766   0x08003766   0x00000006   Code   RO         2361    i.TIM_ClearITPendingBit  stm32f4xx_tim.o
    0x0800376c   0x0800376c   0x00000014   Code   RO         2366    i.TIM_Cmd           stm32f4xx_tim.o
    0x08003780   0x08003780   0x00000016   Code   RO         2368    i.TIM_CtrlPWMOutputs  stm32f4xx_tim.o
    0x08003796   0x08003796   0x00000032   Code   RO         2375    i.TIM_EncoderInterfaceConfig  stm32f4xx_tim.o
    0x080037c8   0x080037c8   0x00000004   Code   RO         2381    i.TIM_GetCapture1   stm32f4xx_tim.o
    0x080037cc   0x080037cc   0x00000004   Code   RO         2382    i.TIM_GetCapture2   stm32f4xx_tim.o
    0x080037d0   0x080037d0   0x00000004   Code   RO         2383    i.TIM_GetCapture3   stm32f4xx_tim.o
    0x080037d4   0x080037d4   0x00000004   Code   RO         2384    i.TIM_GetCapture4   stm32f4xx_tim.o
    0x080037d8   0x080037d8   0x00000018   Code   RO         2387    i.TIM_GetITStatus   stm32f4xx_tim.o
    0x080037f0   0x080037f0   0x000000ac   Code   RO         2389    i.TIM_ICInit        stm32f4xx_tim.o
    0x0800389c   0x0800389c   0x00000010   Code   RO         2390    i.TIM_ICStructInit  stm32f4xx_tim.o
    0x080038ac   0x080038ac   0x00000010   Code   RO         2391    i.TIM_ITConfig      stm32f4xx_tim.o
    0x080038bc   0x080038bc   0x00000060   Code   RO         2395    i.TIM_OC1Init       stm32f4xx_tim.o
    0x0800391c   0x0800391c   0x0000000c   Code   RO         2397    i.TIM_OC1PolarityConfig  stm32f4xx_tim.o
    0x08003928   0x08003928   0x0000000c   Code   RO         2398    i.TIM_OC1PreloadConfig  stm32f4xx_tim.o
    0x08003934   0x08003934   0x00000080   Code   RO         2400    i.TIM_OC2Init       stm32f4xx_tim.o
    0x080039b4   0x080039b4   0x00000014   Code   RO         2402    i.TIM_OC2PolarityConfig  stm32f4xx_tim.o
    0x080039c8   0x080039c8   0x00000014   Code   RO         2403    i.TIM_OC2PreloadConfig  stm32f4xx_tim.o
    0x080039dc   0x080039dc   0x0000007c   Code   RO         2405    i.TIM_OC3Init       stm32f4xx_tim.o
    0x08003a58   0x08003a58   0x00000014   Code   RO         2407    i.TIM_OC3PolarityConfig  stm32f4xx_tim.o
    0x08003a6c   0x08003a6c   0x0000000c   Code   RO         2408    i.TIM_OC3PreloadConfig  stm32f4xx_tim.o
    0x08003a78   0x08003a78   0x00000060   Code   RO         2410    i.TIM_OC4Init       stm32f4xx_tim.o
    0x08003ad8   0x08003ad8   0x00000014   Code   RO         2411    i.TIM_OC4PolarityConfig  stm32f4xx_tim.o
    0x08003aec   0x08003aec   0x00000014   Code   RO         2412    i.TIM_OC4PreloadConfig  stm32f4xx_tim.o
    0x08003b00   0x08003b00   0x00000004   Code   RO         2430    i.TIM_SetCompare3   stm32f4xx_tim.o
    0x08003b04   0x08003b04   0x00000004   Code   RO         2431    i.TIM_SetCompare4   stm32f4xx_tim.o
    0x08003b08   0x08003b08   0x00000004   Code   RO         2432    i.TIM_SetCounter    stm32f4xx_tim.o
    0x08003b0c   0x08003b0c   0x00000010   Code   RO         2433    i.TIM_SetIC1Prescaler  stm32f4xx_tim.o
    0x08003b1c   0x08003b1c   0x00000018   Code   RO         2434    i.TIM_SetIC2Prescaler  stm32f4xx_tim.o
    0x08003b34   0x08003b34   0x00000010   Code   RO         2435    i.TIM_SetIC3Prescaler  stm32f4xx_tim.o
    0x08003b44   0x08003b44   0x00000018   Code   RO         2436    i.TIM_SetIC4Prescaler  stm32f4xx_tim.o
    0x08003b5c   0x08003b5c   0x0000007c   Code   RO         2438    i.TIM_TimeBaseInit  stm32f4xx_tim.o
    0x08003bd8   0x08003bd8   0x00000012   Code   RO         2439    i.TIM_TimeBaseStructInit  stm32f4xx_tim.o
    0x08003bea   0x08003bea   0x00000002   PAD
    0x08003bec   0x08003bec   0x00000074   Code   RO         4139    i.Turn_Off          balance.o
    0x08003c60   0x08003c60   0x00000278   Code   RO          968    i.UART4_IRQHandler  usartx.o
    0x08003ed8   0x08003ed8   0x000000e0   Code   RO          969    i.USART1_IRQHandler  usartx.o
    0x08003fb8   0x08003fb8   0x0000001c   Code   RO          970    i.USART1_SEND       usartx.o
    0x08003fd4   0x08003fd4   0x000000e0   Code   RO          971    i.USART3_IRQHandler  usartx.o
    0x080040b4   0x080040b4   0x0000001c   Code   RO          972    i.USART3_SEND       usartx.o
    0x080040d0   0x080040d0   0x00000014   Code   RO         1763    i.USART_Cmd         stm32f4xx_usart.o
    0x080040e4   0x080040e4   0x0000003e   Code   RO         1767    i.USART_GetITStatus  stm32f4xx_usart.o
    0x08004122   0x08004122   0x00000030   Code   RO         1769    i.USART_ITConfig    stm32f4xx_usart.o
    0x08004152   0x08004152   0x00000002   PAD
    0x08004154   0x08004154   0x000000ac   Code   RO         1770    i.USART_Init        stm32f4xx_usart.o
    0x08004200   0x08004200   0x00000008   Code   RO         1777    i.USART_ReceiveData  stm32f4xx_usart.o
    0x08004208   0x08004208   0x00000002   Code   RO          276    i.UsageFault_Handler  stm32f4xx_it.o
    0x0800420a   0x0800420a   0x00000002   PAD
    0x0800420c   0x0800420c   0x00000054   Code   RO          974    i.XYZ_Target_Speed_transition  usartx.o
    0x08004260   0x08004260   0x00000020   Code   RO         5023    i.__0printf$3       mc_w.l(printf3.o)
    0x08004280   0x08004280   0x00000030   Code   RO         5227    i.__ARM_fpclassify  m_wm.l(fpclassify.o)
    0x080042b0   0x080042b0   0x00000c50   Code   RO         4907    i.__hardfp_pow      m_wm.l(pow.o)
    0x08004f00   0x08004f00   0x000000f8   Code   RO         5229    i.__kernel_poly     m_wm.l(poly.o)
    0x08004ff8   0x08004ff8   0x00000030   Code   RO         5207    i.__mathlib_dbl_divzero  m_wm.l(dunder.o)
    0x08005028   0x08005028   0x00000014   Code   RO         5209    i.__mathlib_dbl_infnan2  m_wm.l(dunder.o)
    0x0800503c   0x0800503c   0x00000004   PAD
    0x08005040   0x08005040   0x00000020   Code   RO         5210    i.__mathlib_dbl_invalid  m_wm.l(dunder.o)
    0x08005060   0x08005060   0x00000020   Code   RO         5211    i.__mathlib_dbl_overflow  m_wm.l(dunder.o)
    0x08005080   0x08005080   0x00000020   Code   RO         5213    i.__mathlib_dbl_underflow  m_wm.l(dunder.o)
    0x080050a0   0x080050a0   0x0000000e   Code   RO         5300    i.__scatterload_copy  mc_w.l(handlers.o)
    0x080050ae   0x080050ae   0x00000002   Code   RO         5301    i.__scatterload_null  mc_w.l(handlers.o)
    0x080050b0   0x080050b0   0x0000000e   Code   RO         5302    i.__scatterload_zeroinit  mc_w.l(handlers.o)
    0x080050be   0x080050be   0x00000002   PAD
    0x080050c0   0x080050c0   0x0000000c   Code   RO         5270    i.__set_errno       mc_w.l(errno.o)
    0x080050cc   0x080050cc   0x000001b8   Code   RO         5030    i._printf_core      mc_w.l(printf3.o)
    0x08005284   0x08005284   0x00000030   Code   RO          579    i.click             key.o
    0x080052b4   0x080052b4   0x00000022   Code   RO          975    i.data_task         usartx.o
    0x080052d6   0x080052d6   0x00000002   PAD
    0x080052d8   0x080052d8   0x0000014c   Code   RO          976    i.data_transition   usartx.o
    0x08005424   0x08005424   0x00000038   Code   RO         1100    i.delay_init        delay.o
    0x0800545c   0x0800545c   0x00000038   Code   RO         1101    i.delay_ms          delay.o
    0x08005494   0x08005494   0x00000034   Code   RO         1102    i.delay_us          delay.o
    0x080054c8   0x080054c8   0x00000018   Code   RO         5223    i.fabs              m_wm.l(fabs.o)
    0x080054e0   0x080054e0   0x00000018   Code   RO         1174    i.fputc             usart.o
    0x080054f8   0x080054f8   0x0000001c   Code   RO         1104    i.getSysTickCnt     delay.o
    0x08005514   0x08005514   0x00000020   Code   RO          630    i.led_task          led.o
    0x08005534   0x08005534   0x00000038   Code   RO            3    i.main              main.o
    0x0800556c   0x0800556c   0x00000008   Code   RO         4141    i.myabs             balance.o
    0x08005574   0x08005574   0x00000010   Code   RO          721    i.oled_pow          oled.o
    0x08005584   0x08005584   0x00000514   Code   RO         4298    i.oled_show         show.o
    0x08005a98   0x08005a98   0x00000070   Code   RO         3441    i.prvAddCurrentTaskToDelayedList  tasks.o
    0x08005b08   0x08005b08   0x000000d0   Code   RO         3442    i.prvAddNewTaskToReadyList  tasks.o
    0x08005bd8   0x08005bd8   0x00000050   Code   RO         3794    i.prvCheckForValidListAndQueue  timers.o
    0x08005c28   0x08005c28   0x00000054   Code   RO         3443    i.prvCheckTasksWaitingTermination  tasks.o
    0x08005c7c   0x08005c7c   0x00000026   Code   RO         3218    i.prvCopyDataFromQueue  queue.o
    0x08005ca2   0x08005ca2   0x0000006c   Code   RO         3219    i.prvCopyDataToQueue  queue.o
    0x08005d0e   0x08005d0e   0x00000014   Code   RO         3444    i.prvDeleteTCB      tasks.o
    0x08005d22   0x08005d22   0x00000002   PAD
    0x08005d24   0x08005d24   0x0000004c   Code   RO         4007    i.prvHeapInit       heap_4.o
    0x08005d70   0x08005d70   0x00000028   Code   RO         3445    i.prvIdleTask       tasks.o
    0x08005d98   0x08005d98   0x000000c0   Code   RO         3446    i.prvInitialiseNewTask  tasks.o
    0x08005e58   0x08005e58   0x0000004c   Code   RO         4008    i.prvInsertBlockIntoFreeList  heap_4.o
    0x08005ea4   0x08005ea4   0x00000038   Code   RO         3795    i.prvInsertTimerInActiveList  timers.o
    0x08005edc   0x08005edc   0x0000001a   Code   RO         3220    i.prvIsQueueEmpty   queue.o
    0x08005ef6   0x08005ef6   0x00000002   PAD
    0x08005ef8   0x08005ef8   0x00000090   Code   RO         3221    i.prvNotifyQueueSetContainer  queue.o
    0x08005f88   0x08005f88   0x00000060   Code   RO         3796    i.prvProcessExpiredTimer  timers.o
    0x08005fe8   0x08005fe8   0x000000f0   Code   RO         3797    i.prvProcessReceivedCommands  timers.o
    0x080060d8   0x080060d8   0x0000006c   Code   RO         3798    i.prvProcessTimerOrBlockTask  timers.o
    0x08006144   0x08006144   0x00000020   Code   RO         3448    i.prvResetNextTaskUnblockTime  tasks.o
    0x08006164   0x08006164   0x00000028   Code   RO         3799    i.prvSampleTimeNow  timers.o
    0x0800618c   0x0800618c   0x0000006c   Code   RO         3800    i.prvSwitchTimerLists  timers.o
    0x080061f8   0x080061f8   0x00000064   Code   RO         3923    i.prvTaskExitError  port.o
    0x0800625c   0x0800625c   0x00000028   Code   RO         3801    i.prvTimerTask      timers.o
    0x08006284   0x08006284   0x00000078   Code   RO         3222    i.prvUnlockQueue    queue.o
    0x080062fc   0x080062fc   0x00000016   Code   RO          822    i.pstwo_task        pstwo.o
    0x08006312   0x08006312   0x00000002   PAD
    0x08006314   0x08006314   0x00000114   Code   RO         4009    i.pvPortMalloc      heap_4.o
    0x08006428   0x08006428   0x00000018   Code   RO         3450    i.pvTaskIncrementMutexHeldCount  tasks.o
    0x08006440   0x08006440   0x0000002c   Code   RO         3924    i.pxPortInitialiseStack  port.o
    0x0800646c   0x0800646c   0x000000a0   Code   RO         4142    i.robot_mode_check  balance.o
    0x0800650c   0x0800650c   0x000000f0   Code   RO         4299    i.show_task         show.o
    0x080065fc   0x080065fc   0x0000006e   Code   RO         5234    i.sqrt              m_wm.l(sqrt.o)
    0x0800666a   0x0800666a   0x00000002   PAD
    0x0800666c   0x0800666c   0x000000f0   Code   RO            4    i.start_task        main.o
    0x0800675c   0x0800675c   0x0000009a   Code   RO         4064    i.systemInit        system.o
    0x080067f6   0x080067f6   0x00000020   Code   RO         4143    i.target_limit_float  balance.o
    0x08006816   0x08006816   0x00000010   Code   RO         4144    i.target_limit_int  balance.o
    0x08006826   0x08006826   0x00000002   PAD
    0x08006828   0x08006828   0x000000ac   Code   RO          977    i.uart1_init        usartx.o
    0x080068d4   0x080068d4   0x000000b0   Code   RO          978    i.uart3_init        usartx.o
    0x08006984   0x08006984   0x000000ac   Code   RO          979    i.uart4_init        usartx.o
    0x08006a30   0x08006a30   0x00000010   Code   RO          980    i.usart1_send       usartx.o
    0x08006a40   0x08006a40   0x00000014   Code   RO          981    i.usart3_send       usartx.o
    0x08006a54   0x08006a54   0x00000024   Code   RO         3173    i.uxListRemove      list.o
    0x08006a78   0x08006a78   0x00000016   Code   RO         3174    i.vListInitialise   list.o
    0x08006a8e   0x08006a8e   0x00000006   Code   RO         3175    i.vListInitialiseItem  list.o
    0x08006a94   0x08006a94   0x00000030   Code   RO         3176    i.vListInsert       list.o
    0x08006ac4   0x08006ac4   0x00000018   Code   RO         3177    i.vListInsertEnd    list.o
    0x08006adc   0x08006adc   0x00000078   Code   RO         3926    i.vPortEnterCritical  port.o
    0x08006b54   0x08006b54   0x00000064   Code   RO         3927    i.vPortExitCritical  port.o
    0x08006bb8   0x08006bb8   0x0000009c   Code   RO         4010    i.vPortFree         heap_4.o
    0x08006c54   0x08006c54   0x00000020   Code   RO         3928    i.vPortSetupTimerInterrupt  port.o
    0x08006c74   0x08006c74   0x0000008c   Code   RO         3929    i.vPortValidateInterruptPriority  port.o
    0x08006d00   0x08006d00   0x00000024   Code   RO         3228    i.vQueueAddToRegistry  queue.o
    0x08006d24   0x08006d24   0x00000044   Code   RO         3232    i.vQueueWaitForMessageRestricted  queue.o
    0x08006d68   0x08006d68   0x0000006c   Code   RO         3458    i.vTaskDelay        tasks.o
    0x08006dd4   0x08006dd4   0x000000ac   Code   RO         3459    i.vTaskDelayUntil   tasks.o
    0x08006e80   0x08006e80   0x000000cc   Code   RO         3460    i.vTaskDelete       tasks.o
    0x08006f4c   0x08006f4c   0x0000000c   Code   RO         3464    i.vTaskMissedYield  tasks.o
    0x08006f58   0x08006f58   0x00000054   Code   RO         3466    i.vTaskPlaceOnEventList  tasks.o
    0x08006fac   0x08006fac   0x0000005c   Code   RO         3467    i.vTaskPlaceOnEventListRestricted  tasks.o
    0x08007008   0x08007008   0x00000084   Code   RO         3469    i.vTaskPriorityInherit  tasks.o
    0x0800708c   0x0800708c   0x00000048   Code   RO         3473    i.vTaskSetTimeOutState  tasks.o
    0x080070d4   0x080070d4   0x00000094   Code   RO         3474    i.vTaskStartScheduler  tasks.o
    0x08007168   0x08007168   0x00000010   Code   RO         3476    i.vTaskSuspendAll   tasks.o
    0x08007178   0x08007178   0x0000007c   Code   RO         3477    i.vTaskSwitchContext  tasks.o
    0x080071f4   0x080071f4   0x00000114   Code   RO         3930    i.xPortStartScheduler  port.o
    0x08007308   0x08007308   0x0000002c   Code   RO         3931    i.xPortSysTickHandler  port.o
    0x08007334   0x08007334   0x00000078   Code   RO         3237    i.xQueueGenericCreate  queue.o
    0x080073ac   0x080073ac   0x00000184   Code   RO         3238    i.xQueueGenericReceive  queue.o
    0x08007530   0x08007530   0x000000a8   Code   RO         3239    i.xQueueGenericReset  queue.o
    0x080075d8   0x080075d8   0x00000188   Code   RO         3240    i.xQueueGenericSend  queue.o
    0x08007760   0x08007760   0x000000e0   Code   RO         3241    i.xQueueGenericSendFromISR  queue.o
    0x08007840   0x08007840   0x00000088   Code   RO         3478    i.xTaskCheckForTimeOut  tasks.o
    0x080078c8   0x080078c8   0x00000056   Code   RO         3479    i.xTaskCreate       tasks.o
    0x0800791e   0x0800791e   0x00000002   PAD
    0x08007920   0x08007920   0x0000001c   Code   RO         3483    i.xTaskGetSchedulerState  tasks.o
    0x0800793c   0x0800793c   0x0000000c   Code   RO         3484    i.xTaskGetTickCount  tasks.o
    0x08007948   0x08007948   0x000000e8   Code   RO         3486    i.xTaskIncrementTick  tasks.o
    0x08007a30   0x08007a30   0x000000b4   Code   RO         3489    i.xTaskPriorityDisinherit  tasks.o
    0x08007ae4   0x08007ae4   0x00000098   Code   RO         3490    i.xTaskRemoveFromEventList  tasks.o
    0x08007b7c   0x08007b7c   0x000000e4   Code   RO         3492    i.xTaskResumeAll    tasks.o
    0x08007c60   0x08007c60   0x00000074   Code   RO         3804    i.xTimerCreate      timers.o
    0x08007cd4   0x08007cd4   0x00000074   Code   RO         3805    i.xTimerCreateTimerTask  timers.o
    0x08007d48   0x08007d48   0x00000090   Code   RO         3806    i.xTimerGenericCommand  timers.o
    0x08007dd8   0x08007dd8   0x000014a4   Data   RO          723    .constdata          oled.o
    0x0800927c   0x0800927c   0x00000004   PAD
    0x08009280   0x08009280   0x00000088   Data   RO         4910    .constdata          m_wm.l(pow.o)
    0x08009308   0x08009308   0x00000008   Data   RO         5231    .constdata          m_wm.l(qnan.o)
    0x08009310   0x08009310   0x00000020   Data   RO         5298    Region$$Table       anon$$obj.o


    Execution Region RW_IRAM1 (Exec base: 0x20000000, Load base: 0x08009330, Size: 0x00005e88, Max: 0x00020000, ABSOLUTE, COMPRESSED[0x0000006c])

    Exec Addr    Load Addr    Size         Type   Attr      Idx    E Section Name        Object

    0x20000000   COMPRESSED   0x00000004   Data   RW            5    .data               main.o
    0x20000004   COMPRESSED   0x00000014   Data   RW          353    .data               system_stm32f4xx.o
    0x20000018   COMPRESSED   0x00000004   Data   RW          392    .data               adc.o
    0x2000001c   COMPRESSED   0x00000004   Data   RW          394    .data               adc.o
    0x20000020   COMPRESSED   0x00000014   Data   RW          582    .data               key.o
    0x20000034   COMPRESSED   0x00000008   Data   RW          631    .data               led.o
    0x2000003c   COMPRESSED   0x00000028   Data   RW          824    .data               pstwo.o
    0x20000064   COMPRESSED   0x00000044   Data   RW          931    .data               timer.o
    0x200000a8   COMPRESSED   0x0000000c   Data   RW          984    .data               usartx.o
    0x200000b4   COMPRESSED   0x00000008   Data   RW         1105    .data               delay.o
    0x200000bc   COMPRESSED   0x00000004   Data   RW         1178    .data               usart.o
    0x200000c0   COMPRESSED   0x00000010   Data   RW         1422    .data               stm32f4xx_rcc.o
    0x200000d0   COMPRESSED   0x0000003c   Data   RW         3495    .data               tasks.o
    0x2000010c   COMPRESSED   0x00000014   Data   RW         3814    .data               timers.o
    0x20000120   COMPRESSED   0x0000000c   Data   RW         3932    .data               port.o
    0x2000012c   COMPRESSED   0x00000018   Data   RW         4015    .data               heap_4.o
    0x20000144   COMPRESSED   0x00000001   Data   RW         4070    .data               system.o
    0x20000145   COMPRESSED   0x00000001   Data   RW         4072    .data               system.o
    0x20000146   COMPRESSED   0x00000002   PAD
    0x20000148   COMPRESSED   0x00000004   Data   RW         4073    .data               system.o
    0x2000014c   COMPRESSED   0x00000004   Data   RW         4074    .data               system.o
    0x20000150   COMPRESSED   0x00000004   Data   RW         4075    .data               system.o
    0x20000154   COMPRESSED   0x00000001   Data   RW         4076    .data               system.o
    0x20000155   COMPRESSED   0x00000001   Data   RW         4077    .data               system.o
    0x20000156   COMPRESSED   0x00000001   Data   RW         4078    .data               system.o
    0x20000157   COMPRESSED   0x00000001   Data   RW         4079    .data               system.o
    0x20000158   COMPRESSED   0x00000001   Data   RW         4080    .data               system.o
    0x20000159   COMPRESSED   0x00000001   Data   RW         4081    .data               system.o
    0x2000015a   COMPRESSED   0x00000002   PAD
    0x2000015c   COMPRESSED   0x00000004   Data   RW         4082    .data               system.o
    0x20000160   COMPRESSED   0x00000004   Data   RW         4084    .data               system.o
    0x20000164   COMPRESSED   0x00000004   Data   RW         4085    .data               system.o
    0x20000168   COMPRESSED   0x00000004   Data   RW         4086    .data               system.o
    0x2000016c   COMPRESSED   0x00000004   Data   RW         4087    .data               system.o
    0x20000170   COMPRESSED   0x00000004   Data   RW         4088    .data               system.o
    0x20000174   COMPRESSED   0x00000004   Data   RW         4089    .data               system.o
    0x20000178   COMPRESSED   0x00000004   Data   RW         4090    .data               system.o
    0x2000017c   COMPRESSED   0x00000001   Data   RW         4092    .data               system.o
    0x2000017d   COMPRESSED   0x00000001   Data   RW         4093    .data               system.o
    0x2000017e   COMPRESSED   0x00000001   Data   RW         4094    .data               system.o
    0x2000017f   COMPRESSED   0x00000001   Data   RW         4095    .data               system.o
    0x20000180   COMPRESSED   0x00000004   Data   RW         4096    .data               system.o
    0x20000184   COMPRESSED   0x00000004   Data   RW         4097    .data               system.o
    0x20000188   COMPRESSED   0x00000004   Data   RW         4098    .data               system.o
    0x2000018c   COMPRESSED   0x00000004   Data   RW         4099    .data               system.o
    0x20000190   COMPRESSED   0x00000004   Data   RW         4100    .data               system.o
    0x20000194   COMPRESSED   0x00000038   Data   RW         4145    .data               balance.o
    0x200001cc   COMPRESSED   0x00000004   Data   RW         4148    .data               balance.o
    0x200001d0   COMPRESSED   0x00000004   Data   RW         4149    .data               balance.o
    0x200001d4   COMPRESSED   0x00000001   Data   RW         4150    .data               balance.o
    0x200001d5   COMPRESSED   0x00000003   PAD
    0x200001d8   COMPRESSED   0x00000004   Data   RW         4151    .data               balance.o
    0x200001dc   COMPRESSED   0x00000014   Data   RW         4300    .data               show.o
    0x200001f0   COMPRESSED   0x00000004   Data   RW         4526    .data               hubdrivercan.o
    0x200001f4   COMPRESSED   0x00000028   Data   RW         4698    .data               mpu6050.o
    0x2000021c   COMPRESSED   0x00000004   Data   RW         5271    .data               mc_w.l(errno.o)
    0x20000220        -       0x00000400   Zero   RW          722    .bss                oled.o
    0x20000620        -       0x00000009   Zero   RW          823    .bss                pstwo.o
    0x20000629   COMPRESSED   0x00000003   PAD
    0x2000062c        -       0x00000084   Zero   RW          983    .bss                usartx.o
    0x200006b0        -       0x00000040   Zero   RW         3252    .bss                queue.o
    0x200006f0        -       0x000002e4   Zero   RW         3494    .bss                tasks.o
    0x200009d4        -       0x00000028   Zero   RW         3813    .bss                timers.o
    0x200009fc        -       0x00005000   Zero   RW         4014    .bss                heap_4.o
    0x200059fc        -       0x0000001c   Zero   RW         4066    .bss                system.o
    0x20005a18        -       0x0000001c   Zero   RW         4067    .bss                system.o
    0x20005a34        -       0x0000001c   Zero   RW         4068    .bss                system.o
    0x20005a50        -       0x0000001c   Zero   RW         4069    .bss                system.o
    0x20005a6c        -       0x00000018   Zero   RW         4270    .bss                robot_select_init.o
    0x20005a84   COMPRESSED   0x00000004   PAD
    0x20005a88        -       0x00000400   Zero   RW         1218    STACK               startup_stm32f40_41xxx.o


==============================================================================

Image component sizes


      Code (inc. data)   RO Data    RW Data    ZI Data      Debug   Object Name

       338         44          0          8          0       3149   adc.o
      2124        378          0         69          0      13215   balance.o
      1158         84          0          0          0       5983   can.o
       212         18          0          8          0       3613   delay.o
       924         64          0          0          0       6167   encoder.o
         0          0          0          0          0       9588   event_groups.o
       584        138          0         24      20480       4579   heap_4.o
         0          0          0          4          0        351   hubdrivercan.o
       818         74          0          0          0       7601   i2c.o
        96         14          0         20          0       3406   key.o
       168         18          0          8          0       2608   led.o
       136          0          0          0          0       3646   list.o
       296        130          0          4          0     323748   main.o
       144         14          0          0          0       2409   misc.o
       680         40          0          0          0       3162   motor.o
       638         22          0         40          0       7056   mpu6050.o
       874         40       5284          0       1024       8319   oled.o
      1038        382          0         12          0      11701   port.o
      1092        116          0         40          9       8820   pstwo.o
      1832        236          0          0         64      14449   queue.o
       324         48          0          0         24       1825   robot_select_init.o
      1852        326          0         20          0       3588   show.o
        36          8        392          0       1024        892   startup_stm32f40_41xxx.o
       286         20          0          0          0       6206   stm32f4xx_adc.o
       220         10          0          0          0       2576   stm32f4xx_can.o
       160          0          0          0          0       3239   stm32f4xx_gpio.o
        12          0          0          0          0       3145   stm32f4xx_it.o
        12          6          0          0          0        606   stm32f4xx_pwr.o
       268         42          0         16          0       6460   stm32f4xx_rcc.o
      1282         60          0          0          0      27988   stm32f4xx_tim.o
       310          8          0          0          0       4886   stm32f4xx_usart.o
       154          0          0         76        112       4089   system.o
       272         36          0         20          0       2057   system_stm32f4xx.o
      2930        714          0         60        740      33101   tasks.o
       932         46          0         68          0       4106   timer.o
      1144        260          0         20         40      10970   timers.o
        24          6          0          4          0       2656   usart.o
      2286        324          0         12        132      12263   usartx.o

    ----------------------------------------------------------------------
     25704       3726       5712        540      23656     574223   Object Totals
         0          0         32          0          0          0   (incl. Generated)
        48          0          4          7          7          0   (incl. Padding)

    ----------------------------------------------------------------------

      Code (inc. data)   RO Data    RW Data    ZI Data      Debug   Library Member Name

       164         44          0          0          0        620   dunder.o
        24          0          0          0          0        124   fabs.o
        48          0          0          0          0        124   fpclassify.o
       248          0          0          0          0        152   poly.o
      3152        296        136          0          0        352   pow.o
         0          0          8          0          0          0   qnan.o
       110          0          0          0          0        148   sqrt.o
        86          0          0          0          0          0   __dczerorl2.o
         0          0          0          0          0          0   entry.o
         0          0          0          0          0          0   entry10a.o
         0          0          0          0          0          0   entry11a.o
         4          0          0          0          0          0   entry12b.o
         8          4          0          0          0          0   entry2.o
         4          0          0          0          0          0   entry5.o
         0          0          0          0          0          0   entry7b.o
         0          0          0          0          0          0   entry8b.o
         8          4          0          0          0          0   entry9a.o
        12          6          0          4          0         68   errno.o
        30          0          0          0          0          0   handlers.o
        36          8          0          0          0         68   init.o
         0          0          0          0          0          0   iusefp.o
        30          0          0          0          0         68   llshl.o
        36          0          0          0          0         68   llsshr.o
        32          0          0          0          0         68   llushr.o
        36          0          0          0          0         68   memcpya.o
        36          0          0          0          0        108   memseta.o
       472         14          0          0          0        184   printf3.o
        44          0          0          0          0         80   uidiv.o
        48          0          0          0          0         68   cdrcmple.o
        56          0          0          0          0         88   d2f.o
       334          0          0          0          0        148   dadd.o
       222          0          0          0          0        100   ddiv.o
       186          0          0          0          0        176   depilogue.o
        34          0          0          0          0         76   dflti.o
        26          0          0          0          0         76   dfltui.o
       228          0          0          0          0         96   dmul.o
        46          0          0          0          0         80   dscalb.o
       162          0          0          0          0        100   dsqrt.o
        38          0          0          0          0         68   f2d.o
       110          0          0          0          0        168   fepilogue.o

    ----------------------------------------------------------------------
      6120        376        144          4          0       3544   Library Totals
        10          0          0          0          0          0   (incl. Padding)

    ----------------------------------------------------------------------

      Code (inc. data)   RO Data    RW Data    ZI Data      Debug   Library Name

      3746        340        144          0          0       1520   m_wm.l
       874         36          0          4          0        780   mc_w.l
      1490          0          0          0          0       1244   mf_w.l

    ----------------------------------------------------------------------
      6120        376        144          4          0       3544   Library Totals

    ----------------------------------------------------------------------

==============================================================================


      Code (inc. data)   RO Data    RW Data    ZI Data      Debug   

     31824       4102       5856        544      23656     551763   Grand Totals
     31824       4102       5856        108      23656     551763   ELF Image Totals (compressed)
     31824       4102       5856        108          0          0   ROM Totals

==============================================================================

    Total RO  Size (Code + RO Data)                37680 (  36.80kB)
    Total RW  Size (RW Data + ZI Data)             24200 (  23.63kB)
    Total ROM Size (Code + RO Data + RW Data)      37788 (  36.90kB)

==============================================================================

